INFO-FLOW: Workspace C:/Users/User1/Desktop/hls1/tesst/solution1 opened at Fri Nov 15 23:04:43 +0330 2024
Execute     ap_set_clock -name default -period 10 -default=false 
INFO: [SYN 201-201] Setting up clock 'default' with a period of 10ns.
Execute     set_part xc7z010-clg400-1 
Execute       create_platform xc7z010-clg400-1 -board  
DBG:HLSDevice: Trying to load device library: C:/Xilinx/Vitis_HLS/2023.2\lib\win64.o\xv_hlsvwrap.dll
DBG:HLSDevice: first parts/arch.xml in RDI_DATADIR: C:/Xilinx/Vivado/2023.2/data/parts/arch.xml
DBG:HLSDevice: init success
INFO: [HLS 200-1611] Setting target device to 'xc7z010-clg400-1'
Command       create_platform done; 0.64 sec.
Execute       source C:/Xilinx/Vitis_HLS/2023.2/common/technology/xilinx/common/xilinx.gen 
Execute         source C:/Xilinx/Vitis_HLS/2023.2/common/technology/xilinx/interface/plb46.gen 
Execute         source C:/Xilinx/Vitis_HLS/2023.2/common/technology/xilinx/interface/axi4.gen 
Execute         source C:/Xilinx/Vitis_HLS/2023.2/common/technology/xilinx/interface/nativeAXI4.gen 
Execute           source C:/Xilinx/Vitis_HLS/2023.2/common/technology/xilinx/interface/saxilite.gen 
Execute         source C:/Xilinx/Vitis_HLS/2023.2/common/technology/xilinx/scripts/xilinxcoregen.gen 
Execute         source C:/Xilinx/Vitis_HLS/2023.2/common/technology/xilinx/interface/XilEDKCoreGen.gen 
Execute         source C:/Xilinx/Vitis_HLS/2023.2/common/technology/xilinx/ip/dds_compiler.gen 
Execute         source C:/Xilinx/Vitis_HLS/2023.2/common/technology/xilinx/ip/util.gen 
Execute         source C:/Xilinx/Vitis_HLS/2023.2/common/technology/xilinx/ip/xfft.gen 
Execute         source C:/Xilinx/Vitis_HLS/2023.2/common/technology/xilinx/ip/xfir.gen 
Execute         source C:/Xilinx/Vitis_HLS/2023.2/common/technology/xilinx/DSP48/dsp48.gen 
Command       ap_source done; 0.127 sec.
Execute       ap_part_info -name xc7z010-clg400-1 -data info 
Execute       config_compile -quiet -complex-mul-dsp=0 
Command     set_part done; 0.786 sec.
Execute     send_msg_by_id INFO @200-1505@%s%s  vivado 
INFO: [HLS 200-1505] Using flow_target 'vivado'
Command   open_solution done; 0.941 sec.
Execute   set_part xc7z010-clg400-1 
INFO: [HLS 200-1510] Running: set_part xc7z010-clg400-1 
Execute     create_platform xc7z010-clg400-1 -board  
Command     create_platform done; 0.117 sec.
Execute     source C:/Xilinx/Vitis_HLS/2023.2/common/technology/xilinx/common/xilinx.gen 
Execute       source C:/Xilinx/Vitis_HLS/2023.2/common/technology/xilinx/interface/plb46.gen 
Execute       source C:/Xilinx/Vitis_HLS/2023.2/common/technology/xilinx/interface/axi4.gen 
Execute       source C:/Xilinx/Vitis_HLS/2023.2/common/technology/xilinx/interface/nativeAXI4.gen 
Execute         source C:/Xilinx/Vitis_HLS/2023.2/common/technology/xilinx/interface/saxilite.gen 
Execute       source C:/Xilinx/Vitis_HLS/2023.2/common/technology/xilinx/scripts/xilinxcoregen.gen 
Execute       source C:/Xilinx/Vitis_HLS/2023.2/common/technology/xilinx/interface/XilEDKCoreGen.gen 
Execute       source C:/Xilinx/Vitis_HLS/2023.2/common/technology/xilinx/ip/dds_compiler.gen 
Execute       source C:/Xilinx/Vitis_HLS/2023.2/common/technology/xilinx/ip/util.gen 
Execute       source C:/Xilinx/Vitis_HLS/2023.2/common/technology/xilinx/ip/xfft.gen 
Execute       source C:/Xilinx/Vitis_HLS/2023.2/common/technology/xilinx/ip/xfir.gen 
Execute       source C:/Xilinx/Vitis_HLS/2023.2/common/technology/xilinx/DSP48/dsp48.gen 
Command     ap_source done; 0.117 sec.
Execute     ap_part_info -name xc7z010-clg400-1 -data info 
Execute     config_compile -quiet -complex-mul-dsp=0 
Command   set_part done; 0.251 sec.
Execute   create_clock -period 10 -name default 
INFO: [HLS 200-1510] Running: create_clock -period 10 -name default 
Execute   source ./tesst/solution1/directives.tcl 
INFO: [HLS 200-1510] Running: source ./tesst/solution1/directives.tcl
Execute     set_directive_top -name sobel_filter sobel_filter 
INFO: [HLS 200-1510] Running: set_directive_top -name sobel_filter sobel_filter 
Execute   csynth_design 
INFO: [HLS 200-1510] Running: csynth_design 
INFO-FLOW: Running SLX 'csynth' proc: ::SLX::run_csynth
Execute     elaborate -effort=medium -skip_syncheck=0 -keep_printf=0 -skip_cdt=0 -skip_transform=0 -ng=0 -g=0 -opt_fp=0 -from_csynth_design=1 
INFO: [HLS 200-111] Finished File checks and directory preparation: CPU user time: 0 seconds. CPU system time: 0 seconds. Elapsed time: 0.134 seconds; current allocated memory: 113.555 MB.
Execute       set_directive_top sobel_filter -name=sobel_filter 
Execute       source C:/Xilinx/Vitis_HLS/2023.2/tps/tcl/tcllib1.11.1/yaml/huddle.tcl 
Execute       source C:/Xilinx/Vitis_HLS/2023.2/tps/tcl/tcllib1.11.1/yaml/json2huddle.tcl 
Execute         source C:/Xilinx/Vitis_HLS/2023.2/tps/tcl/tcllib1.11.1/try/try.tcl 
INFO: [HLS 200-10] Analyzing design file 'sobel_filter.cpp' ... 
INFO-FLOW: Compiling one TU...
INFO-FLOW: Handling sobel_filter.cpp as C++
Execute       ap_part_info -name xc7z010-clg400-1 -data info 
INFO-FLOW: Running: GCC PP 39
INFO-FLOW: Source preprocessing
INFO-FLOW: run_clang exec: C:/Xilinx/Vitis_HLS/2023.2/win64/tools/clang-3.9-csynth/bin/clang sobel_filter.cpp -foptimization-record-file=C:/Users/User1/Desktop/hls1/tesst/solution1/.autopilot/db/sobel_filter.cpp.clang.diag.yml -mllvm -pass-remarks-missed=reflow|pasta|unroll -mllvm -pass-remarks=reflow|pasta|unroll|inline -fno-limit-debug-info --sysroot C:/Xilinx/Vitis_HLS/2023.2/tps/mingw/8.3.0/win64.o/nt -fhls -fno-exceptions -insert-hls-directive=C:/Users/User1/Desktop/hls1/tesst/solution1/.autopilot/db/all.directive.json -E -fno-math-errno -c -emit-llvm -mllvm -disable-llvm-optzns -Werror=implicit-function-declaration -Werror=implicit-hls-streams -Werror=return-type -Wpragmas -Wunused-parameter -Wdump-hls-pragmas -Wno-error=dump-hls-pragmas -hls-clock-period=10 -fno-threadsafe-statics -fno-use-cxa-atexit -std=gnu++14 -target fpga64-xilinx-mingw32 -fno-threadsafe-statics -fno-use-cxa-atexit -D__VITIS_HLS__ -DAESL_SYN -D__SYNTHESIS__ -D__HLS_SYN__ -I C:/Xilinx/Vitis_HLS/2023.2/common/technology/autopilot -I C:/Xilinx/Vitis_HLS/2023.2/common/technology/autopilot/ap_sysc -include etc/autopilot_ssdm_op.h -D__DSP48E1__ -I /usr/include/x86_64-linux-gnu -o C:/Users/User1/Desktop/hls1/tesst/solution1/.autopilot/db/sobel_filter.pp.0.cpp {-hls-platform-db-name=C:/Xilinx/Vitis_HLS/2023.2\common/technology\xilinx/common/platform.db} -hls-platform-name=zynq_slow -device-resource-info=BRAM_120.000000_DSP_80.000000_FF_35200.000000_LUT_17600.000000_SLICE_4400.000000_URAM_0.000000 -device-name-info=xc7z010clg400-1 > C:/Users/User1/Desktop/hls1/tesst/solution1/.autopilot/db/sobel_filter.cpp.clang.out.log 2> C:/Users/User1/Desktop/hls1/tesst/solution1/.autopilot/db/sobel_filter.cpp.clang.err.log
INFO-FLOW: Done: GCC PP 39 time: 0.4 seconds per iteration
INFO-FLOW: Source syntax check for synthesis
INFO-FLOW: run_clang exec: C:/Xilinx/Vitis_HLS/2023.2/win64/tools/clang-3.9-csynth/bin/clang -foptimization-record-file=C:/Users/User1/Desktop/hls1/tesst/solution1/.autopilot/db/clang.diag.yml -mllvm -pass-remarks-missed=reflow|pasta|unroll -mllvm -pass-remarks=reflow|pasta|unroll|inline -fsyntax-only -fhls -target fpga64-xilinx-linux-gnu C:/Users/User1/Desktop/hls1/tesst/solution1/.autopilot/db/sobel_filter.pp.0.cpp {-hls-platform-db-name=C:/Xilinx/Vitis_HLS/2023.2\common/technology\xilinx/common/platform.db} -hls-platform-name=zynq_slow -device-resource-info=BRAM_120.000000_DSP_80.000000_FF_35200.000000_LUT_17600.000000_SLICE_4400.000000_URAM_0.000000 -device-name-info=xc7z010clg400-1 > C:/Users/User1/Desktop/hls1/tesst/solution1/.autopilot/db/clang.out.log 2> C:/Users/User1/Desktop/hls1/tesst/solution1/.autopilot/db/clang.err.log
Execute       clang_tidy xilinx-systemc-detector -desc systemc-detector C:/Users/User1/Desktop/hls1/tesst/solution1/.autopilot/db/sobel_filter.pp.0.cpp std=gnu++14 -target fpga  -directive=C:/Users/User1/Desktop/hls1/tesst/solution1/.autopilot/db/.systemc_flag 
INFO-FLOW: exec C:/Xilinx/Vitis_HLS/2023.2/win64/tools/clang-3.9-csynth/bin/clang-tidy -header-filter=.* --checks=-*,xilinx-systemc-detector -import-directive=C:/Users/User1/Desktop/hls1/tesst/solution1/.autopilot/db/.systemc_flag -fix-errors C:/Users/User1/Desktop/hls1/tesst/solution1/.autopilot/db/sobel_filter.pp.0.cpp -- -std=gnu++14 -target fpga -fhls -ferror-limit=0
Command       clang_tidy done; 0.525 sec.
INFO-FLOW: Running: clang-tidy CDT preprocess 39
Execute       clang_tidy xilinx-directive2pragma -desc directive2pragma C:/Users/User1/Desktop/hls1/tesst/solution1/.autopilot/db/sobel_filter.pp.0.cpp std=gnu++14 -target fpga  -directive=C:/Users/User1/Desktop/hls1/tesst/solution1/.autopilot/db/all.directive.json 
INFO-FLOW: exec C:/Xilinx/Vitis_HLS/2023.2/win64/tools/clang-3.9-csynth/bin/clang-tidy -header-filter=.* --checks=-*,xilinx-directive2pragma -import-directive=C:/Users/User1/Desktop/hls1/tesst/solution1/.autopilot/db/all.directive.json -fix-errors C:/Users/User1/Desktop/hls1/tesst/solution1/.autopilot/db/sobel_filter.pp.0.cpp -- -std=gnu++14 -target fpga -fhls -ferror-limit=0
Command       clang_tidy done; 0.85 sec.
INFO-FLOW: Done: clang-tidy CDT preprocess 39 time: 0.9 seconds per iteration
INFO-FLOW: Calling xilinx-label-all-loops ... 
INFO-FLOW: Calling xilinx-aggregate-on-hls-vector ... 
Execute       clang_tidy -errorcheck -desc loop-label xilinx-label-all-loops,xilinx-aggregate-on-hls-vector,,xilinx-warn-mayneed-no-ctor-attribute C:/Users/User1/Desktop/hls1/tesst/solution1/.autopilot/db/sobel_filter.pp.0.cpp std=gnu++14 -target fpga  
INFO-FLOW: run_clang exec: C:/Xilinx/Vitis_HLS/2023.2/win64/tools/clang-3.9-csynth/bin/clang-tidy -export-fixes=C:/Users/User1/Desktop/hls1/tesst/solution1/.autopilot/db/sobel_filter.pp.0.cpp.clang-tidy.loop-label.diag.yml -header-filter=.* --checks=-*,xilinx-label-all-loops,xilinx-aggregate-on-hls-vector,,xilinx-warn-mayneed-no-ctor-attribute -fix-errors C:/Users/User1/Desktop/hls1/tesst/solution1/.autopilot/db/sobel_filter.pp.0.cpp -- -std=gnu++14 -target fpga -fhls -ferror-limit=0 > C:/Users/User1/Desktop/hls1/tesst/solution1/.autopilot/db/sobel_filter.pp.0.cpp.clang-tidy.loop-label.out.log 2> C:/Users/User1/Desktop/hls1/tesst/solution1/.autopilot/db/sobel_filter.pp.0.cpp.clang-tidy.loop-label.err.log
Execute         source C:/Xilinx/Vitis_HLS/2023.2/tps/tcl/tcllib1.11.1/yaml/yaml.tcl 
Command       clang_tidy done; 1.184 sec.
INFO-FLOW: run_clang exec: C:/Xilinx/Vitis_HLS/2023.2/win64/tools/clang-3.9-csynth/bin/xilinx-dataflow-lawyer -export-fixes=C:/Users/User1/Desktop/hls1/tesst/solution1/.autopilot/db/sobel_filter.pp.0.cpp.xilinx-dataflow-lawyer.diag.yml C:/Users/User1/Desktop/hls1/tesst/solution1/.autopilot/db/sobel_filter.pp.0.cpp -- -std=gnu++14 -target fpga -fhls -ferror-limit=0 -fstrict-dataflow > C:/Users/User1/Desktop/hls1/tesst/solution1/.autopilot/db/sobel_filter.pp.0.cpp.xilinx-dataflow-lawyer.out.log 2> C:/Users/User1/Desktop/hls1/tesst/solution1/.autopilot/db/sobel_filter.pp.0.cpp.xilinx-dataflow-lawyer.err.log
Execute       ap_part_info -name xc7z010-clg400-1 -data info 
INFO-FLOW: compiling source code to llvm bc
INFO-FLOW: run_clang exec: C:/Xilinx/Vitis_HLS/2023.2/win64/tools/clang-3.9-csynth/bin/clang -foptimization-record-file=C:/Users/User1/Desktop/hls1/tesst/solution1/.autopilot/db/sobel_filter.pp.0.cpp.clang.diag.yml -mllvm -pass-remarks-missed=reflow|pasta|unroll -mllvm -pass-remarks=reflow|pasta|unroll|inline -fno-limit-debug-info -fhls -flto -fno-exceptions -Wno-error=c++11-narrowing -hls-emit-hint-scope C:/Users/User1/Desktop/hls1/tesst/solution1/.autopilot/db/sobel_filter.pp.0.cpp -fno-math-errno -c -emit-llvm -mllvm -disable-llvm-optzns -Werror=implicit-function-declaration -Werror=implicit-hls-streams -Werror=return-type -Wpragmas -Wunused-parameter -Wdump-hls-pragmas -Wno-error=dump-hls-pragmas -hls-clock-period=10 -fno-threadsafe-statics -fno-use-cxa-atexit -std=gnu++14 -target fpga64-xilinx-linux-gnu -D__VITIS_HLS__ -DAESL_SYN -D__SYNTHESIS__ -D__HLS_SYN__ -I C:/Xilinx/Vitis_HLS/2023.2/common/technology/autopilot -I C:/Xilinx/Vitis_HLS/2023.2/common/technology/autopilot/ap_sysc -include etc/autopilot_ssdm_op.h -D__DSP48E1__ -g -o C:/Users/User1/Desktop/hls1/tesst/solution1/.autopilot/db/sobel_filter.bc {-hls-platform-db-name=C:/Xilinx/Vitis_HLS/2023.2\common/technology\xilinx/common/platform.db} -hls-platform-name=zynq_slow -device-resource-info=BRAM_120.000000_DSP_80.000000_FF_35200.000000_LUT_17600.000000_SLICE_4400.000000_URAM_0.000000 -device-name-info=xc7z010clg400-1 > C:/Users/User1/Desktop/hls1/tesst/solution1/.autopilot/db/sobel_filter.pp.0.cpp.clang.out.log 2> C:/Users/User1/Desktop/hls1/tesst/solution1/.autopilot/db/sobel_filter.pp.0.cpp.clang.err.log
INFO: [HLS 200-111] Finished Source Code Analysis and Preprocessing: CPU user time: 0 seconds. CPU system time: 0 seconds. Elapsed time: 5.041 seconds; current allocated memory: 115.586 MB.
INFO-FLOW: Linking Debug ...
INFO-FLOW: Linking dut bc code.
Execute       run_link_or_opt -out C:/Users/User1/Desktop/hls1/tesst/solution1/.autopilot/db/a.g.ld.0.bc -args  "C:/Users/User1/Desktop/hls1/tesst/solution1/.autopilot/db/sobel_filter.g.bc"  
INFO-FLOW: run_clang exec: C:/Xilinx/Vitis_HLS/2023.2/win64/tools/clang-3.9-csynth/bin/llvm-link C:/Users/User1/Desktop/hls1/tesst/solution1/.autopilot/db/sobel_filter.g.bc -o C:/Users/User1/Desktop/hls1/tesst/solution1/.autopilot/db/a.g.ld.0.bc > C:/Users/User1/Desktop/hls1/tesst/solution1/.autopilot/db/a.g.ld.0.bc.llvm-link.out.log 2> C:/Users/User1/Desktop/hls1/tesst/solution1/.autopilot/db/a.g.ld.0.bc.llvm-link.err.log
INFO-FLOW: 
Execute       run_link_or_opt -opt -out C:/Users/User1/Desktop/hls1/tesst/solution1/.autopilot/db/a.g.ld.1.lower.bc -args C:/Users/User1/Desktop/hls1/tesst/solution1/.autopilot/db/a.g.ld.0.bc -reflow-lower-math-intrinsics 
INFO-FLOW: run_clang exec: C:/Xilinx/Vitis_HLS/2023.2/win64/tools/clang-3.9-csynth/bin/opt -pass-remarks-missed=reflow|pasta|unroll -pass-remarks=reflow|pasta|unroll|inline -pass-remarks-output=C:/Users/User1/Desktop/hls1/tesst/solution1/.autopilot/db/a.g.ld.1.lower.bc.opt.diag.yml C:/Users/User1/Desktop/hls1/tesst/solution1/.autopilot/db/a.g.ld.0.bc -reflow-lower-math-intrinsics -o C:/Users/User1/Desktop/hls1/tesst/solution1/.autopilot/db/a.g.ld.1.lower.bc > C:/Users/User1/Desktop/hls1/tesst/solution1/.autopilot/db/a.g.ld.1.lower.bc.opt.out.log 2> C:/Users/User1/Desktop/hls1/tesst/solution1/.autopilot/db/a.g.ld.1.lower.bc.opt.err.log
INFO-FLOW: 
INFO-FLOW: Running: gen_design_size_report post-opt
INFO-FLOW: Done: gen_design_size_report post-opt time: 0 seconds per iteration
INFO-FLOW: Linking math bc lib
Execute       run_link_or_opt -out C:/Users/User1/Desktop/hls1/tesst/solution1/.autopilot/db/a.g.ld.2.m1.bc -args C:/Users/User1/Desktop/hls1/tesst/solution1/.autopilot/db/a.g.ld.1.lower.bc -only-needed C:/Xilinx/Vitis_HLS/2023.2/win64/lib/libhlsm_39.bc C:/Xilinx/Vitis_HLS/2023.2/win64/lib/libhlsmc++_39.bc 
INFO-FLOW: run_clang exec: C:/Xilinx/Vitis_HLS/2023.2/win64/tools/clang-3.9-csynth/bin/llvm-link C:/Users/User1/Desktop/hls1/tesst/solution1/.autopilot/db/a.g.ld.1.lower.bc -only-needed C:/Xilinx/Vitis_HLS/2023.2/win64/lib/libhlsm_39.bc C:/Xilinx/Vitis_HLS/2023.2/win64/lib/libhlsmc++_39.bc -o C:/Users/User1/Desktop/hls1/tesst/solution1/.autopilot/db/a.g.ld.2.m1.bc > C:/Users/User1/Desktop/hls1/tesst/solution1/.autopilot/db/a.g.ld.2.m1.bc.llvm-link.out.log 2> C:/Users/User1/Desktop/hls1/tesst/solution1/.autopilot/db/a.g.ld.2.m1.bc.llvm-link.err.log
INFO-FLOW: 
Command       run_link_or_opt done; 2.005 sec.
Execute       run_link_or_opt -opt -out C:/Users/User1/Desktop/hls1/tesst/solution1/.autopilot/db/a.g.ld.3.fpc.bc -args C:/Users/User1/Desktop/hls1/tesst/solution1/.autopilot/db/a.g.ld.2.m1.bc -reflow-globaldce -hls-top-function-name=sobel_filter -reflow-float-conversion 
INFO-FLOW: run_clang exec: C:/Xilinx/Vitis_HLS/2023.2/win64/tools/clang-3.9-csynth/bin/opt -pass-remarks-missed=reflow|pasta|unroll -pass-remarks=reflow|pasta|unroll|inline -pass-remarks-output=C:/Users/User1/Desktop/hls1/tesst/solution1/.autopilot/db/a.g.ld.3.fpc.bc.opt.diag.yml C:/Users/User1/Desktop/hls1/tesst/solution1/.autopilot/db/a.g.ld.2.m1.bc -reflow-globaldce -hls-top-function-name=sobel_filter -reflow-float-conversion -o C:/Users/User1/Desktop/hls1/tesst/solution1/.autopilot/db/a.g.ld.3.fpc.bc > C:/Users/User1/Desktop/hls1/tesst/solution1/.autopilot/db/a.g.ld.3.fpc.bc.opt.out.log 2> C:/Users/User1/Desktop/hls1/tesst/solution1/.autopilot/db/a.g.ld.3.fpc.bc.opt.err.log
INFO-FLOW: 
INFO-FLOW: Running: gen_design_size_report post-opt
INFO-FLOW: Done: gen_design_size_report post-opt time: 0 seconds per iteration
Command       run_link_or_opt done; 0.959 sec.
Execute       run_link_or_opt -out C:/Users/User1/Desktop/hls1/tesst/solution1/.autopilot/db/a.g.ld.4.m2.bc -args C:/Users/User1/Desktop/hls1/tesst/solution1/.autopilot/db/a.g.ld.3.fpc.bc -only-needed C:/Xilinx/Vitis_HLS/2023.2/win64/lib/libfloatconversion_39.bc 
INFO-FLOW: run_clang exec: C:/Xilinx/Vitis_HLS/2023.2/win64/tools/clang-3.9-csynth/bin/llvm-link C:/Users/User1/Desktop/hls1/tesst/solution1/.autopilot/db/a.g.ld.3.fpc.bc -only-needed C:/Xilinx/Vitis_HLS/2023.2/win64/lib/libfloatconversion_39.bc -o C:/Users/User1/Desktop/hls1/tesst/solution1/.autopilot/db/a.g.ld.4.m2.bc > C:/Users/User1/Desktop/hls1/tesst/solution1/.autopilot/db/a.g.ld.4.m2.bc.llvm-link.out.log 2> C:/Users/User1/Desktop/hls1/tesst/solution1/.autopilot/db/a.g.ld.4.m2.bc.llvm-link.err.log
INFO-FLOW: 
Execute       run_link_or_opt -opt -out C:/Users/User1/Desktop/hls1/tesst/solution1/.autopilot/db/a.g.ld.5.gdce.bc -args C:/Users/User1/Desktop/hls1/tesst/solution1/.autopilot/db/a.g.ld.4.m2.bc -reflow-globaldce -hls-top-function-name=sobel_filter 
INFO-FLOW: run_clang exec: C:/Xilinx/Vitis_HLS/2023.2/win64/tools/clang-3.9-csynth/bin/opt -pass-remarks-missed=reflow|pasta|unroll -pass-remarks=reflow|pasta|unroll|inline -pass-remarks-output=C:/Users/User1/Desktop/hls1/tesst/solution1/.autopilot/db/a.g.ld.5.gdce.bc.opt.diag.yml C:/Users/User1/Desktop/hls1/tesst/solution1/.autopilot/db/a.g.ld.4.m2.bc -reflow-globaldce -hls-top-function-name=sobel_filter -o C:/Users/User1/Desktop/hls1/tesst/solution1/.autopilot/db/a.g.ld.5.gdce.bc > C:/Users/User1/Desktop/hls1/tesst/solution1/.autopilot/db/a.g.ld.5.gdce.bc.opt.out.log 2> C:/Users/User1/Desktop/hls1/tesst/solution1/.autopilot/db/a.g.ld.5.gdce.bc.opt.err.log
INFO-FLOW: 
INFO-FLOW: Running: gen_design_size_report post-opt
INFO-FLOW: Done: gen_design_size_report post-opt time: 0 seconds per iteration
Execute       send_msg_by_id INFO @200-777@%s Vivado 
INFO: [HLS 200-777] Using interface defaults for 'Vivado' flow target.
Execute       is_m_axi_addr64 
INFO-FLOW: Doing LTO.
INFO-FLOW: run_clang (background poll_ms 5000) exec: C:/Xilinx/Vitis_HLS/2023.2/win64/tools/clang-3.9-csynth/bin/clang -foptimization-record-file=C:/Users/User1/Desktop/hls1/tesst/solution1/.autopilot/db/a.g.ld.0.bc.clang.reflow.diag.yml -mllvm -pass-remarks-missed=reflow|pasta|unroll -mllvm -pass-remarks=reflow|pasta|unroll|inline -fhls -mllvm -hls-top-function-name=sobel_filter -mllvm -hls-db-dir -mllvm C:/Users/User1/Desktop/hls1/tesst/solution1/.autopilot/db -emit-llvm -c -target fpga64-xilinx-none -mllvm -xcl-xmlinfo=C:/Users/User1/Desktop/hls1/tesst/solution1/.autopilot/db/kernel.internal.xml -mllvm -top-io-mapping-info=C:/Users/User1/Desktop/hls1/tesst/solution1/.autopilot/db/top-io-fe.xml -mllvm -hls-bitcode-version=3.1 -mllvm -reflow-enable-slave-interface-default-setting=true -mllvm -gen-kernel-xml=false -mllvm -default-maxi-offset=slave -mllvm -maxi-latency=0 -mllvm -hls-maxi-data-size-in-bits=8 -mllvm -hls-maxi-max-data-size-in-bits=1024 -mllvm -hls-max-widen-size-in-bits=0 -mllvm -xcl-kernel-max-mem-ports=0 -mllvm -maxi-read-trans=16 -mllvm -maxi-write-trans=16 -mllvm -maxi-read-burst-len=16 -mllvm -maxi-write-burst-len=16 -mllvm -reflow-enable-saxi-64bits=0 -mllvm -reflow-basic-block-instr-threshold=200000 -mllvm -reflow-auto-pipeline-threshold=64 -mllvm -reflow-enable-maxi-auto-id-channel=0 -mllvm -enable-fp-thr=0 -mllvm -reflow-bdd-simplify-threshold=1048576 -mllvm -reflow-fanout-threshold=16 -mllvm -assume-maxi-align=1 -mllvm -reflow-pipeline-style-llvm-setting=2 -mllvm -reflow-enable-dataflow-strict-mode-checking=1 -ftime-report -mllvm -time-passes -mllvm -reflow-auto-array-partition-mode=default -mllvm -reflow-enable-auto-array-partition=true -mllvm -reflow-enable-auto-parallel-performance-driven=true -mllvm -reflow-enable-partition-for-automation=true -mllvm -reflow-aggregate-bitwidth-threshold=4096 -mllvm -reflow-reserved-saxilite-registers=0 -mllvm -enable-reflow-auto-loop-pipeline -mllvm -reflow-max-unroll-threshold=409600 -mllvm -reflow-assume-no-address-wrap=true -mllvm -reflow-enable-occurrence-inference=true -mllvm -reflow-emit-hint-scope=true -mllvm -hls -mllvm -disable-inlined-alloca-merging=true -mllvm -default-clock-period=10 -x ir C:/Users/User1/Desktop/hls1/tesst/solution1/.autopilot/db/a.g.ld.5.gdce.bc -o C:/Users/User1/Desktop/hls1/tesst/solution1/.autopilot/db/a.g.lto.bc {-hls-platform-db-name=C:/Xilinx/Vitis_HLS/2023.2\common/technology\xilinx/common/platform.db} -hls-platform-name=zynq_slow -device-resource-info=BRAM_120.000000_DSP_80.000000_FF_35200.000000_LUT_17600.000000_SLICE_4400.000000_URAM_0.000000 -device-name-info=xc7z010clg400-1 2> C:/Users/User1/Desktop/hls1/tesst/solution1/.autopilot/db/a.g.ld.0.bc.clang.reflow.err.log bg_poll_cmd: ::AP::poll_clang_39_closed_source
Execute       send_msg_by_id INFO @200-1995@%s%s%s 773 Compile/Link C:/Users/User1/Desktop/hls1/tesst/solution1/syn/report/csynth_design_size.rpt 
INFO: [HLS 200-1995] There were 773 instructions in the design after the 'Compile/Link' phase of compilation. See the Design Size Report for more details: C:/Users/User1/Desktop/hls1/tesst/solution1/syn/report/csynth_design_size.rpt
Execute       send_msg_by_id WARNING @200-1995@%s%s%s 1,095,635 Unroll/Inline C:/Users/User1/Desktop/hls1/tesst/solution1/syn/report/csynth_design_size.rpt 
WARNING: [HLS 200-1995] There were 1,095,635 instructions in the design after the 'Unroll/Inline' phase of compilation. See the Design Size Report for more details: C:/Users/User1/Desktop/hls1/tesst/solution1/syn/report/csynth_design_size.rpt
Execute       send_msg_by_id INFO @200-1995@%s%s%s 40 Unroll/Inline (step 2) C:/Users/User1/Desktop/hls1/tesst/solution1/syn/report/csynth_design_size.rpt 
INFO: [HLS 200-1995] There were 40 instructions in the design after the 'Unroll/Inline (step 2)' phase of compilation. See the Design Size Report for more details: C:/Users/User1/Desktop/hls1/tesst/solution1/syn/report/csynth_design_size.rpt
Execute       send_msg_by_id INFO @200-1995@%s%s%s 40 Unroll/Inline (step 3) C:/Users/User1/Desktop/hls1/tesst/solution1/syn/report/csynth_design_size.rpt 
INFO: [HLS 200-1995] There were 40 instructions in the design after the 'Unroll/Inline (step 3)' phase of compilation. See the Design Size Report for more details: C:/Users/User1/Desktop/hls1/tesst/solution1/syn/report/csynth_design_size.rpt
Execute       send_msg_by_id INFO @200-1995@%s%s%s 40 Unroll/Inline (step 4) C:/Users/User1/Desktop/hls1/tesst/solution1/syn/report/csynth_design_size.rpt 
INFO: [HLS 200-1995] There were 40 instructions in the design after the 'Unroll/Inline (step 4)' phase of compilation. See the Design Size Report for more details: C:/Users/User1/Desktop/hls1/tesst/solution1/syn/report/csynth_design_size.rpt
Execute       send_msg_by_id INFO @200-1995@%s%s%s 20 Array/Struct (step 1) C:/Users/User1/Desktop/hls1/tesst/solution1/syn/report/csynth_design_size.rpt 
INFO: [HLS 200-1995] There were 20 instructions in the design after the 'Array/Struct (step 1)' phase of compilation. See the Design Size Report for more details: C:/Users/User1/Desktop/hls1/tesst/solution1/syn/report/csynth_design_size.rpt
Execute       send_msg_by_id INFO @200-1995@%s%s%s 20 Array/Struct (step 2) C:/Users/User1/Desktop/hls1/tesst/solution1/syn/report/csynth_design_size.rpt 
INFO: [HLS 200-1995] There were 20 instructions in the design after the 'Array/Struct (step 2)' phase of compilation. See the Design Size Report for more details: C:/Users/User1/Desktop/hls1/tesst/solution1/syn/report/csynth_design_size.rpt
Execute       send_msg_by_id INFO @200-1995@%s%s%s 20 Array/Struct (step 3) C:/Users/User1/Desktop/hls1/tesst/solution1/syn/report/csynth_design_size.rpt 
INFO: [HLS 200-1995] There were 20 instructions in the design after the 'Array/Struct (step 3)' phase of compilation. See the Design Size Report for more details: C:/Users/User1/Desktop/hls1/tesst/solution1/syn/report/csynth_design_size.rpt
Execute       send_msg_by_id INFO @200-1995@%s%s%s 20 Array/Struct (step 4) C:/Users/User1/Desktop/hls1/tesst/solution1/syn/report/csynth_design_size.rpt 
INFO: [HLS 200-1995] There were 20 instructions in the design after the 'Array/Struct (step 4)' phase of compilation. See the Design Size Report for more details: C:/Users/User1/Desktop/hls1/tesst/solution1/syn/report/csynth_design_size.rpt
Execute       send_msg_by_id INFO @200-1995@%s%s%s 20 Array/Struct (step 5) C:/Users/User1/Desktop/hls1/tesst/solution1/syn/report/csynth_design_size.rpt 
INFO: [HLS 200-1995] There were 20 instructions in the design after the 'Array/Struct (step 5)' phase of compilation. See the Design Size Report for more details: C:/Users/User1/Desktop/hls1/tesst/solution1/syn/report/csynth_design_size.rpt
Execute       send_msg_by_id INFO @200-1995@%s%s%s 20 Performance (step 1) C:/Users/User1/Desktop/hls1/tesst/solution1/syn/report/csynth_design_size.rpt 
INFO: [HLS 200-1995] There were 20 instructions in the design after the 'Performance (step 1)' phase of compilation. See the Design Size Report for more details: C:/Users/User1/Desktop/hls1/tesst/solution1/syn/report/csynth_design_size.rpt
Execute       send_msg_by_id INFO @200-1995@%s%s%s 20 Performance (step 2) C:/Users/User1/Desktop/hls1/tesst/solution1/syn/report/csynth_design_size.rpt 
INFO: [HLS 200-1995] There were 20 instructions in the design after the 'Performance (step 2)' phase of compilation. See the Design Size Report for more details: C:/Users/User1/Desktop/hls1/tesst/solution1/syn/report/csynth_design_size.rpt
Execute       send_msg_by_id INFO @200-1995@%s%s%s 20 Performance (step 3) C:/Users/User1/Desktop/hls1/tesst/solution1/syn/report/csynth_design_size.rpt 
INFO: [HLS 200-1995] There were 20 instructions in the design after the 'Performance (step 3)' phase of compilation. See the Design Size Report for more details: C:/Users/User1/Desktop/hls1/tesst/solution1/syn/report/csynth_design_size.rpt
Execute       send_msg_by_id INFO @200-1995@%s%s%s 20 Performance (step 4) C:/Users/User1/Desktop/hls1/tesst/solution1/syn/report/csynth_design_size.rpt 
INFO: [HLS 200-1995] There were 20 instructions in the design after the 'Performance (step 4)' phase of compilation. See the Design Size Report for more details: C:/Users/User1/Desktop/hls1/tesst/solution1/syn/report/csynth_design_size.rpt
Execute       send_msg_by_id INFO @200-1995@%s%s%s 24 HW Transforms (step 1) C:/Users/User1/Desktop/hls1/tesst/solution1/syn/report/csynth_design_size.rpt 
INFO: [HLS 200-1995] There were 24 instructions in the design after the 'HW Transforms (step 1)' phase of compilation. See the Design Size Report for more details: C:/Users/User1/Desktop/hls1/tesst/solution1/syn/report/csynth_design_size.rpt
Execute       send_msg_by_id INFO @200-1995@%s%s%s 24 HW Transforms (step 2) C:/Users/User1/Desktop/hls1/tesst/solution1/syn/report/csynth_design_size.rpt 
