18:29:03 **** Auto Build of configuration Debug for project imageIpTest ****
make pre-build main-build 
a9-linaro-pre-build-step
' '
'Building file: ../src/imageIpTest.c'
'Invoking: ARM v7 gcc compiler'
arm-none-eabi-gcc -Wall -O0 -g3 -c -fmessage-length=0 -MT"src/imageIpTest.o" -mcpu=cortex-a9 -mfpu=vfpv3 -mfloat-abi=hard -I../../imageIpTest_bsp/ps7_cortexa9_0/include -MMD -MP -MF"src/imageIpTest.d" -MT"src/imageIpTest.o" -o "src/imageIpTest.o" "../src/imageIpTest.c"
'Finished building: ../src/imageIpTest.c'
' '
'Building target: imageIpTest.elf'
'Invoking: ARM v7 gcc linker'
arm-none-eabi-gcc -mcpu=cortex-a9 -mfpu=vfpv3 -mfloat-abi=hard -Wl,-build-id=none -specs=Xilinx.spec -Wl,-T -Wl,../src/lscript.ld -L../../imageIpTest_bsp/ps7_cortexa9_0/lib -o "imageIpTest.elf"  ./src/imageIpTest.o   -Wl,--start-group,-lxil,-lgcc,-lc,--end-group
'Finished building target: imageIpTest.elf'
' '
'Invoking: ARM v7 Print Size'
arm-none-eabi-size imageIpTest.elf  |tee "imageIpTest.elf.size"
   text	   data	    bss	    dec	    hex	filename
  46944	 266616	  23352	 336912	  52410	imageIpTest.elf
'Finished building: imageIpTest.elf.size'
' '

18:29:06 Build Finished (took 2s.738ms)

