#
# A fatal error has been detected by the Java Runtime Environment:
#
#  EXCEPTION_ACCESS_VIOLATION (0xc0000005) at pc=0x00007ff9a39b3370, pid=1140, tid=16048
#
# JRE version: Java(TM) SE Runtime Environment (9.0+11) (build 9.0.4+11)
# Java VM: Java HotSpot(TM) 64-Bit Server VM (9.0.4+11, mixed mode, tiered, compressed oops, g1 gc, windows-amd64)
# Problematic frame:
# C  [librdi_wavedata.dll+0x453370]
#
# No core dump will be written. Minidumps are not enabled by default on client versions of Windows
#
# If you would like to submit a bug report, please visit:
#   http://bugreport.java.com/bugreport/crash.jsp
# The crash happened outside the Java Virtual Machine in native code.
# See problematic frame for where to report the bug.
#

---------------  S U M M A R Y ------------

Command Line: -Dsun.java2d.pmoffscreen=false -Dsun.java2d.xrender=false -Dsun.java2d.d3d=false -Dsun.awt.nopixfmt=true -Dsun.java2d.dpiaware=true -Dsun.java2d.uiScale.enabled=false -Xverify:none -Dswing.aatext=true -XX:-UsePerfData -Djdk.map.althashing.threshold=512 -XX:StringTableSize=4072 --add-opens=java.base/java.nio=ALL-UNNAMED --add-opens=java.desktop/sun.swing=ALL-UNNAMED --add-opens=java.desktop/javax.swing=ALL-UNNAMED --add-opens=java.desktop/javax.swing.tree=ALL-UNNAMED --add-opens=java.desktop/javax.swing.plaf.basic=ALL-UNNAMED --add-opens=java.desktop/javax.swing.plaf.synth=ALL-UNNAMED --add-opens=java.desktop/com.sun.awt=ALL-UNNAMED -XX:NewSize=60m -XX:MaxNewSize=60m -Xms128m -Xmx3072m -Xss5m 

Host: Intel(R) Core(TM) i5-6500 CPU @ 3.20GHz, 4 cores, 15G,  Windows 10 , 64 bit Build 22621 (10.0.22621.3958)
Time: Sun Nov 10 17:03:42 2024 Iran Standard Time elapsed time: 1983 seconds (0d 0h 33m 3s)

---------------  T H R E A D  ---------------

Current thread (0x000001335b357000):  JavaThread "AWT-EventQueue-1" [_thread_in_native, id=16048, stack(0x0000000a9cc00000,0x0000000a9d100000)]

Stack: [0x0000000a9cc00000,0x0000000a9d100000],  sp=0x0000000a9d0f4508,  free space=5073k
Native frames: (J=compiled Java code, j=interpreted, Vv=VM code, C=native code)
C  [librdi_wavedata.dll+0x453370]

Java frames: (J=compiled Java code, j=interpreted, Vv=VM code)
j  ui.views.waveform.waveformi.WVExecutive_getGraphicsDataSize(J)J+0
j  ui.views.waveform.executive.a.gEt()Ljava/io/ByteArrayInputStream;+8
j  ui.views.waveform.b.a.gEf()V+7
j  ui.views.waveform.b.a.fOl()V+1
j  ui.views.waveform.m.gDo()V+4
j  ui.views.waveform.m.cRi()V+11
j  ui.views.waveform.w.cRi()V+29
J 26262 c1 ui.views.waveform.c.b.j(Lui/frmwork/b/i;)V (603 bytes) @ 0x000001336562e3bc [0x0000013365624ca0+0x000000000000971c]
J 26261 c1 ui.views.waveform.w.a(Lui/frmwork/b/i;)V (17 bytes) @ 0x0000013363f8d894 [0x0000013363f8d7c0+0x00000000000000d4]
J 25797 c2 ui.frmwork.HTclEventBroker.i(JZ)V (471 bytes) @ 0x000001336b012d94 [0x000001336b0120e0+0x0000000000000cb4]
J 17180 c1 ui.frmwork.HTclEventBroker.fireTclEvent(J)I (113 bytes) @ 0x0000013364079a4c [0x0000013364079240+0x000000000000080c]
v  ~StubRoutines::call_stub
j  ui.views.waveform.waveformi.WVExecutive_processModelEvent(JJ)V+0
j  ui.views.waveform.executive.a.eE(J)V+5
j  ui.views.waveform.c.b.eD(J)V+8
J 26262 c1 ui.views.waveform.c.b.j(Lui/frmwork/b/i;)V (603 bytes) @ 0x000001336562f0f4 [0x0000013365624ca0+0x000000000000a454]
J 26261 c1 ui.views.waveform.w.a(Lui/frmwork/b/i;)V (17 bytes) @ 0x0000013363f8d894 [0x0000013363f8d7c0+0x00000000000000d4]
J 25797 c2 ui.frmwork.HTclEventBroker.i(JZ)V (471 bytes) @ 0x000001336b012d94 [0x000001336b0120e0+0x0000000000000cb4]
J 17180 c1 ui.frmwork.HTclEventBroker.fireTclEvent(J)I (113 bytes) @ 0x0000013364079a4c [0x0000013364079240+0x000000000000080c]
v  ~StubRoutines::call_stub
j  ui.views.waveform.waveformi.WVExecutive_processModelEvent(JJ)V+0
j  ui.views.waveform.executive.a.eE(J)V+5
j  ui.views.waveform.c.b.eD(J)V+8
j  ui.views.waveform.c.e.actionPerformed(Ljava/awt/event/ActionEvent;)V+8
J 21430 c2 javax.swing.Timer.fireActionPerformed(Ljava/awt/event/ActionEvent;)V java.desktop@9.0.4 (46 bytes) @ 0x000001336b459658 [0x000001336b459540+0x0000000000000118]
J 21416 c2 javax.swing.Timer$DoPostEvent.run()V java.desktop@9.0.4 (82 bytes) @ 0x000001336b4559ec [0x000001336b4556e0+0x000000000000030c]
J 21939 c2 java.awt.EventQueue$3.run()Ljava/lang/Object; java.desktop@9.0.4 (5 bytes) @ 0x000001336a923524 [0x000001336a923420+0x0000000000000104]
v  ~StubRoutines::call_stub
J 4242  java.security.AccessController.doPrivileged(Ljava/security/PrivilegedAction;Ljava/security/AccessControlContext;)Ljava/lang/Object; java.base@9.0.4 (0 bytes) @ 0x000001336a1b9ac6 [0x000001336a1b9a60+0x0000000000000066]
J 15115 c2 ui.frmwork.b.d.dispatchEvent(Ljava/awt/AWTEvent;)V (34 bytes) @ 0x000001336a2d50a4 [0x000001336a2d4a80+0x0000000000000624]
J 26059 c2 java.awt.EventDispatchThread.pumpOneEventForFilters(I)V java.desktop@9.0.4 (218 bytes) @ 0x000001336b2241e4 [0x000001336b223e00+0x00000000000003e4]
J 25817 c2 java.awt.EventDispatchThread.pumpEventsForFilter(ILjava/awt/Conditional;Ljava/awt/EventFilter;)V java.desktop@9.0.4 (47 bytes) @ 0x000001336a5b2e0c [0x000001336a5b2c60+0x00000000000001ac]
j  java.awt.EventDispatchThread.pumpEventsForFilter(Ljava/awt/Conditional;Ljava/awt/EventFilter;)V+4 java.desktop@9.0.4
j  java.awt.WaitDispatchSupport$2.run()V+59 java.desktop@9.0.4
j  java.awt.WaitDispatchSupport$4.run()Ljava/lang/Void;+4 java.desktop@9.0.4
j  java.awt.WaitDispatchSupport$4.run()Ljava/lang/Object;+1 java.desktop@9.0.4
v  ~StubRoutines::call_stub
J 1039  java.security.AccessController.doPrivileged(Ljava/security/PrivilegedAction;)Ljava/lang/Object; java.base@9.0.4 (0 bytes) @ 0x0000013369ffd832 [0x0000013369ffd7e0+0x0000000000000052]
j  java.awt.WaitDispatchSupport.enter()Z+260 java.desktop@9.0.4
j  java.awt.Dialog.show()V+225 java.desktop@9.0.4
J 8394 c1 java.awt.Component.setVisible(Z)V java.desktop@9.0.4 (6 bytes) @ 0x00000133633731cc [0x0000013363372fe0+0x00000000000001ec]
j  java.awt.Window.setVisible(Z)V+2 java.desktop@9.0.4
j  java.awt.Dialog.setVisible(Z)V+2 java.desktop@9.0.4
j  ui.b.c.g.setVisible(Z)V+2
j  ui.b.c.by.showDialog()V+64
j  ui.b.c.bF.actionPerformed(Ljava/awt/event/ActionEvent;)V+8
j  ui.b.c.by.cJI()V+396
j  ui.views.c.t.b.a.run()V+60
j  ui.frmwork.a.dWF()Z+66
j  ui.frmwork.V.dYl()V+42
j  ui.bk.actionPerformed(Ljava/awt/event/ActionEvent;)V+25
j  javax.swing.AbstractButton.fireActionPerformed(Ljava/awt/event/ActionEvent;)V+84 java.desktop@9.0.4
j  ui.utils.o.b.B.fireActionPerformed(Ljava/awt/event/ActionEvent;)V+7
j  javax.swing.AbstractButton$Handler.actionPerformed(Ljava/awt/event/ActionEvent;)V+5 java.desktop@9.0.4
j  javax.swing.DefaultButtonModel.fireActionPerformed(Ljava/awt/event/ActionEvent;)V+34 java.desktop@9.0.4
J 24395 c1 javax.swing.DefaultButtonModel.setPressed(Z)V java.desktop@9.0.4 (125 bytes) @ 0x0000013362ec1644 [0x0000013362ec0780+0x0000000000000ec4]
j  javax.swing.plaf.basic.BasicButtonListener.mouseReleased(Ljava/awt/event/MouseEvent;)V+35 java.desktop@9.0.4
j  com.jidesoft.plaf.basic.BasicJideButtonListener.mouseReleased(Ljava/awt/event/MouseEvent;)V+61
J 21267 c1 java.awt.AWTEventMulticaster.mouseReleased(Ljava/awt/event/MouseEvent;)V java.desktop@9.0.4 (27 bytes) @ 0x0000013365520d0c [0x0000013365520b00+0x000000000000020c]
J 21267 c1 java.awt.AWTEventMulticaster.mouseReleased(Ljava/awt/event/MouseEvent;)V java.desktop@9.0.4 (27 bytes) @ 0x0000013365520d0c [0x0000013365520b00+0x000000000000020c]
J 21267 c1 java.awt.AWTEventMulticaster.mouseReleased(Ljava/awt/event/MouseEvent;)V java.desktop@9.0.4 (27 bytes) @ 0x0000013365520d0c [0x0000013365520b00+0x000000000000020c]
J 21267 c1 java.awt.AWTEventMulticaster.mouseReleased(Ljava/awt/event/MouseEvent;)V java.desktop@9.0.4 (27 bytes) @ 0x0000013365520d0c [0x0000013365520b00+0x000000000000020c]
J 14742 c1 java.awt.Component.processMouseEvent(Ljava/awt/event/MouseEvent;)V java.desktop@9.0.4 (100 bytes) @ 0x0000013364e668b4 [0x0000013364e66520+0x0000000000000394]
J 14741 c1 javax.swing.JComponent.processMouseEvent(Ljava/awt/event/MouseEvent;)V java.desktop@9.0.4 (27 bytes) @ 0x0000013364e6606c [0x0000013364e65e60+0x000000000000020c]
J 19372 c2 java.awt.Container.processEvent(Ljava/awt/AWTEvent;)V java.desktop@9.0.4 (22 bytes) @ 0x000001336a3e8ac0 [0x000001336a3e89a0+0x0000000000000120]
J 22806 c2 java.awt.Component.dispatchEventImpl(Ljava/awt/AWTEvent;)V java.desktop@9.0.4 (739 bytes) @ 0x000001336b4f4868 [0x000001336b4f3ce0+0x0000000000000b88]
J 25968 c2 java.awt.Container.dispatchEventImpl(Ljava/awt/AWTEvent;)V java.desktop@9.0.4 (129 bytes) @ 0x000001336b0c810c [0x000001336b0c80a0+0x000000000000006c]
J 15119 c2 java.awt.LightweightDispatcher.retargetMouseEvent(Ljava/awt/Component;ILjava/awt/event/MouseEvent;)V java.desktop@9.0.4 (350 bytes) @ 0x000001336a2d2dc0 [0x000001336a2d2860+0x0000000000000560]
J 25968 c2 java.awt.Container.dispatchEventImpl(Ljava/awt/AWTEvent;)V java.desktop@9.0.4 (129 bytes) @ 0x000001336b0c8480 [0x000001336b0c80a0+0x00000000000003e0]
J 19675 c2 java.awt.Window.dispatchEventImpl(Ljava/awt/AWTEvent;)V java.desktop@9.0.4 (23 bytes) @ 0x000001336adbee0c [0x000001336adbedc0+0x000000000000004c]
J 21939 c2 java.awt.EventQueue$3.run()Ljava/lang/Object; java.desktop@9.0.4 (5 bytes) @ 0x000001336a9235dc [0x000001336a923420+0x00000000000001bc]
v  ~StubRoutines::call_stub
J 4242  java.security.AccessController.doPrivileged(Ljava/security/PrivilegedAction;Ljava/security/AccessControlContext;)Ljava/lang/Object; java.base@9.0.4 (0 bytes) @ 0x000001336a1b9ac6 [0x000001336a1b9a60+0x0000000000000066]
J 17332 c2 java.awt.EventQueue$4.run()Ljava/lang/Object; java.desktop@9.0.4 (5 bytes) @ 0x000001336aef76c0 [0x000001336aef7460+0x0000000000000260]
v  ~StubRoutines::call_stub
J 4242  java.security.AccessController.doPrivileged(Ljava/security/PrivilegedAction;Ljava/security/AccessControlContext;)Ljava/lang/Object; java.base@9.0.4 (0 bytes) @ 0x000001336a1b9ac6 [0x000001336a1b9a60+0x0000000000000066]
J 15115 c2 ui.frmwork.b.d.dispatchEvent(Ljava/awt/AWTEvent;)V (34 bytes) @ 0x000001336a2d4ecc [0x000001336a2d4a80+0x000000000000044c]
J 26059 c2 java.awt.EventDispatchThread.pumpOneEventForFilters(I)V java.desktop@9.0.4 (218 bytes) @ 0x000001336b2241e4 [0x000001336b223e00+0x00000000000003e4]
J 25444% c2 java.awt.EventDispatchThread.pumpEventsForFilter(ILjava/awt/Conditional;Ljava/awt/EventFilter;)V java.desktop@9.0.4 (47 bytes) @ 0x000001336b1c3258 [0x000001336b1c3140+0x0000000000000118]
j  java.awt.EventDispatchThread.pumpEventsForHierarchy(ILjava/awt/Conditional;Ljava/awt/Component;)V+11 java.desktop@9.0.4
j  java.awt.EventDispatchThread.pumpEvents(ILjava/awt/Conditional;)V+4 java.desktop@9.0.4
j  java.awt.EventDispatchThread.pumpEvents(Ljava/awt/Conditional;)V+3 java.desktop@9.0.4
j  java.awt.EventDispatchThread.run()V+9 java.desktop@9.0.4
v  ~StubRoutines::call_stub

siginfo: EXCEPTION_ACCESS_VIOLATION (0xc0000005), data execution prevention violation at address 0x00007ff9a39b3370


Register to memory mapping:

RIP=0x00007ff9a39b3370 librdi_wavedata.dll
RAX=0x00007ff9a39585e0 librdi_wavedata.dll
RBX=0x0000000a9d0f4670 is pointing into the stack for thread: 0x000001335b357000
RCX=0x000001330e00e160 is an unknown value
RDX=0x000001330b27f020 is an unknown value
RSP=0x0000000a9d0f4508 is pointing into the stack for thread: 0x000001335b357000
RBP=0x0000000a9d0f4630 is pointing into the stack for thread: 0x000001335b357000
RSI=0x000001330b27f020 is an unknown value
RDI=0x000001330e00e160 is an unknown value
R8 =0x0000000a9d0f4630 is pointing into the stack for thread: 0x000001335b357000
R9 =0x0000000a9d0f4670 is pointing into the stack for thread: 0x000001335b357000
R10=0x000001330b27f030 is an unknown value
R11=0xac3dfbb8aeebaf1b is an unknown value
R12=0x0000000000000000 is an unknown value
R13=0x0000000000000000 is an unknown value
R14=0x000001330b27f020 is an unknown value
R15=0x0000000000000001 is an unknown value


Registers:
RAX=0x00007ff9a39585e0, RBX=0x0000000a9d0f4670, RCX=0x000001330e00e160, RDX=0x000001330b27f020
RSP=0x0000000a9d0f4508, RBP=0x0000000a9d0f4630, RSI=0x000001330b27f020, RDI=0x000001330e00e160
R8 =0x0000000a9d0f4630, R9 =0x0000000a9d0f4670, R10=0x000001330b27f030, R11=0xac3dfbb8aeebaf1b
R12=0x0000000000000000, R13=0x0000000000000000, R14=0x000001330b27f020, R15=0x0000000000000001
RIP=0x00007ff9a39b3370, EFLAGS=0x0000000000010202

Top of Stack: (sp=0x0000000a9d0f4508)
0x0000000a9d0f4508:   00007ff9a368eedc 0003000300030003
0x0000000a9d0f4518:   0003000300030003 0003000300000000
0x0000000a9d0f4528:   000001334dc87740 0000000000000000
0x0000000a9d0f4538:   0000000a9d0f4670 0000000a9d0f4630
0x0000000a9d0f4548:   000001330b27f020 fffffffffffffffe
0x0000000a9d0f4558:   000001335b357000 0000000a0e64eca8
0x0000000a9d0f4568:   0000000000000008 0000000000000000
0x0000000a9d0f4578:   0000000000000010 0000000000000000
0x0000000a9d0f4588:   0000000000000001 0000000000000000
0x0000000a9d0f4598:   0000000a9d0f4649 000001334db80000
0x0000000a9d0f45a8:   00007ffa2ee0cc7a 000001334dc80000
0x0000000a9d0f45b8:   0000013300000002 0000d40d7cb9872a
0x0000000a9d0f45c8:   0000000000000000 000001337bf21ba0
0x0000000a9d0f45d8:   0000000a9d0f4748 000001330ab55660
0x0000000a9d0f45e8:   0000000a9d0f4679 0000000a9d0f4730
0x0000000a9d0f45f8:   00007ff9a3685fc7 000000000000004f 

Instructions: (pc=0x00007ff9a39b3370)
0x00007ff9a39b3350:   00 00 00 00 ff ff ff ff 00 00 00 00 40 00 00 00
0x00007ff9a39b3360:   20 33 45 00 00 00 00 00 00 00 00 00 00 00 00 00
0x00007ff9a39b3370:   01 00 00 00 00 00 00 00 00 00 00 00 10 8a 58 00
0x00007ff9a39b3380:   98 33 45 00 70 33 45 00 00 00 00 00 00 00 00 00 



---------------  P R O C E S S  ---------------

Java Threads: ( => current thread )
  0x000001330c206000 JavaThread "Relaunch Simulation" [_thread_blocked, id=9288, stack(0x0000000aa0100000,0x0000000aa0600000)]
  0x000001330c207800 JavaThread "c" [_thread_blocked, id=15332, stack(0x0000000aa2400000,0x0000000aa2900000)]
  0x000001337c542000 JavaThread "FileSystemWatchService" daemon [_thread_in_native, id=1392, stack(0x0000000aa0600000,0x0000000aa0b00000)]
  0x000001335af9d000 JavaThread "SyntheticaAnimation 50" daemon [_thread_blocked, id=11556, stack(0x0000000aa1f00000,0x0000000aa2400000)]
  0x000001337c549800 JavaThread "Image Animator 0" daemon [_thread_blocked, id=4700, stack(0x0000000aa1a00000,0x0000000aa1f00000)]
  0x000001337c546800 JavaThread "SyntheticaAnimation 50" daemon [_thread_blocked, id=12576, stack(0x0000000a9db00000,0x0000000a9e000000)]
  0x000001337c53f000 JavaThread "Update Runs Swing Worker" [_thread_blocked, id=13856, stack(0x0000000aa0b00000,0x0000000aa1000000)]
  0x000001337c544800 JavaThread "hw_ila_monitor" [_thread_blocked, id=7648, stack(0x0000000a9e500000,0x0000000a9ea00000)]
  0x000001337c53c000 JavaThread "Refresh Filesets Swing Worker" [_thread_blocked, id=12284, stack(0x0000000a9e000000,0x0000000a9e500000)]
  0x000001337c53d800 JavaThread "Swing-Shell" daemon [_thread_blocked, id=10052, stack(0x0000000a9bd00000,0x0000000a9c200000)]
  0x000001337c540000 JavaThread "SyntheticaAnimation 70" daemon [_thread_blocked, id=13632, stack(0x0000000a9fc00000,0x0000000aa0100000)]
  0x000001337c53d000 JavaThread "SyntheticaAnimation 25" daemon [_thread_blocked, id=8452, stack(0x0000000a9f700000,0x0000000a9fc00000)]
  0x000001337c53e800 JavaThread "SyntheticaAnimation 50" daemon [_thread_blocked, id=4232, stack(0x0000000a9f200000,0x0000000a9f700000)]
  0x000001337c53b800 JavaThread "Monitor HEventQueue" [_thread_blocked, id=12228, stack(0x0000000a9ed00000,0x0000000a9f200000)]
  0x000001335af9e800 JavaThread "SyntheticaCleanerThread" daemon [_thread_blocked, id=8656, stack(0x0000000a9d600000,0x0000000a9db00000)]
  0x000001335af9e000 JavaThread "Batik CleanerThread" daemon [_thread_blocked, id=3192, stack(0x0000000a9c200000,0x0000000a9c700000)]
=>0x000001335b357000 JavaThread "AWT-EventQueue-1" [_thread_in_native, id=16048, stack(0x0000000a9cc00000,0x0000000a9d100000)]
  0x000001335b356000 JavaThread "Process Messages" [_thread_blocked, id=8240, stack(0x0000000a9c700000,0x0000000a9cc00000)]
  0x000001337bf24800 JavaThread "Thread-1" [_thread_in_native, id=13948, stack(0x0000000a95f00000,0x0000000a97300000)]
  0x000001335b2f6800 JavaThread "TimerQueue" daemon [_thread_blocked, id=11244, stack(0x0000000a9b800000,0x0000000a9bd00000)]
  0x000001335acff000 JavaThread "AWT-Windows" daemon [_thread_in_native, id=4044, stack(0x0000000a9b300000,0x0000000a9b800000)]
  0x000001335ac81800 JavaThread "AWT-Shutdown" [_thread_blocked, id=12592, stack(0x0000000a9ae00000,0x0000000a9b300000)]
  0x000001335af72800 JavaThread "Java2D Disposer" daemon [_thread_blocked, id=12508, stack(0x0000000a9a900000,0x0000000a9ae00000)]
  0x00000133556aa000 JavaThread "Service Thread" daemon [_thread_blocked, id=4780, stack(0x0000000a9a300000,0x0000000a9a800000)]
  0x0000013356d54800 JavaThread "Common-Cleaner" daemon [_thread_blocked, id=13960, stack(0x0000000a99e00000,0x0000000a9a300000)]
  0x0000013357b59000 JavaThread "Sweeper thread" daemon [_thread_blocked, id=7608, stack(0x0000000a99900000,0x0000000a99e00000)]
  0x0000013357b58800 JavaThread "C1 CompilerThread2" daemon [_thread_blocked, id=12696, stack(0x0000000a99800000,0x0000000a99900000)]
  0x0000013358158000 JavaThread "C2 CompilerThread1" daemon [_thread_blocked, id=544, stack(0x0000000a99700000,0x0000000a99800000)]
  0x0000013358157800 JavaThread "C2 CompilerThread0" daemon [_thread_blocked, id=16008, stack(0x0000000a99600000,0x0000000a99700000)]
  0x0000013358782000 JavaThread "Attach Listener" daemon [_thread_blocked, id=9140, stack(0x0000000a99100000,0x0000000a99600000)]
  0x0000013358781800 JavaThread "Signal Dispatcher" daemon [_thread_blocked, id=4728, stack(0x0000000a98c00000,0x0000000a99100000)]
  0x000001335a429800 JavaThread "Finalizer" daemon [_thread_blocked, id=14028, stack(0x0000000a98700000,0x0000000a98c00000)]
  0x000001335a428800 JavaThread "Reference Handler" daemon [_thread_blocked, id=14924, stack(0x0000000a98200000,0x0000000a98700000)]
  0x00000133571bf800 JavaThread "main" [_thread_blocked, id=10892, stack(0x0000000a95e00000,0x0000000a95f00000)]

Other Threads:
  0x00000133557c1800 VMThread "VM Thread" [stack: 0x0000000a98100000,0x0000000a98200000] [id=11208]
  0x00000133529c6000 WatcherThread [stack: 0x0000000a9a800000,0x0000000a9a900000] [id=15052]
  0x000001335a418800 GCTaskThread "GC Thread#0" [stack: 0x0000000a97600000,0x0000000a97700000] [id=16148]
  0x0000013358060800 GCTaskThread "GC Thread#1" [stack: 0x0000000a97700000,0x0000000a97800000] [id=6088]
  0x0000013358061000 GCTaskThread "GC Thread#2" [stack: 0x0000000a97800000,0x0000000a97900000] [id=9520]
  0x000001335805f000 GCTaskThread "GC Thread#3" [stack: 0x0000000a97900000,0x0000000a97a00000] [id=9060]
  0x0000013356fd5800 ConcurrentGCThread "G1 Main Marker" [stack: 0x0000000a97f00000,0x0000000a98000000] [id=6724]
  0x0000013358062000 ConcurrentGCThread "G1 Marker#0" [stack: 0x0000000a98000000,0x0000000a98100000] [id=10724]
  0x0000013358b74000 ConcurrentGCThread "G1 Refine#0" [stack: 0x0000000a97d00000,0x0000000a97e00000] [id=7924]
  0x0000013358b73800 ConcurrentGCThread "G1 Refine#1" [stack: 0x0000000a97c00000,0x0000000a97d00000] [id=11932]
  0x00000133583f6000 ConcurrentGCThread "G1 Refine#2" [stack: 0x0000000a97b00000,0x0000000a97c00000] [id=4708]
  0x0000013358172800 ConcurrentGCThread "G1 Refine#3" [stack: 0x0000000a97a00000,0x0000000a97b00000] [id=11956]
  0x00000133583aa800 ConcurrentGCThread "G1 Young RemSet Sampling" [stack: 0x0000000a97e00000,0x0000000a97f00000] [id=10780]

Threads with active compile tasks:

VM state:not at safepoint (normal execution)

VM Mutex/Monitor currently owned by a thread: None

Heap address: 0x0000000700000000, size: 3072 MB, Compressed Oops mode: Zero based, Oop shift amount: 3
Narrow klass base: 0x0000000000000000, Narrow klass shift: 3
Compressed class space size: 1073741824 Address: 0x00000007c0000000

Heap:
 garbage-first heap   total 223232K, used 129672K [0x0000000700000000, 0x00000007001006d0, 0x00000007c0000000)
  region size 1024K, 11 young (11264K), 2 survivors (2048K)
 Metaspace       used 96220K, capacity 104287K, committed 104392K, reserved 1138688K
  class space    used 13902K, capacity 15264K, committed 15304K, reserved 1048576K
Heap Regions: E=young(eden), S=young(survivor), O=old, HS=humongous(starts), HC=humongous(continues), CS=collection set, F=free, A=archive, TS=gc time stamp, AC=allocation context, TAMS=top-at-mark-start (previous, next)
|   0|0x0000000700000000, 0x00000007000e9078, 0x0000000700100000| 91%| O|  |TS  0|AC  0|TAMS 0x00000007000e9078, 0x00000007000e9078|
|   1|0x0000000700100000, 0x0000000700200000, 0x0000000700200000|100%|HS|  |TS  0|AC  0|TAMS 0x0000000700200000, 0x0000000700200000|
|   2|0x0000000700200000, 0x0000000700300000, 0x0000000700300000|100%|HC|  |TS  0|AC  0|TAMS 0x0000000700300000, 0x0000000700300000|
|   3|0x0000000700300000, 0x0000000700400000, 0x0000000700400000|100%|HS|  |TS  0|AC  0|TAMS 0x0000000700400000, 0x0000000700400000|
|   4|0x0000000700400000, 0x00000007004fdc50, 0x0000000700500000| 99%| O|  |TS  0|AC  0|TAMS 0x00000007004fdc50, 0x00000007004fdc50|
|   5|0x0000000700500000, 0x00000007005fffb8, 0x0000000700600000| 99%| O|  |TS  0|AC  0|TAMS 0x00000007005fffb8, 0x00000007005fffb8|
|   6|0x0000000700600000, 0x00000007006ffff0, 0x0000000700700000| 99%| O|  |TS  0|AC  0|TAMS 0x00000007006ffff0, 0x00000007006ffff0|
|   7|0x0000000700700000, 0x00000007007ffff0, 0x0000000700800000| 99%| O|  |TS  0|AC  0|TAMS 0x00000007007ffff0, 0x00000007007ffff0|
|   8|0x0000000700800000, 0x00000007008fffa8, 0x0000000700900000| 99%| O|  |TS  0|AC  0|TAMS 0x00000007008fffa8, 0x00000007008fffa8|
|   9|0x0000000700900000, 0x00000007009fb720, 0x0000000700a00000| 98%| O|  |TS  0|AC  0|TAMS 0x00000007009fb720, 0x00000007009fb720|
|  10|0x0000000700a00000, 0x0000000700af89c0, 0x0000000700b00000| 97%| O|  |TS  0|AC  0|TAMS 0x0000000700af89c0, 0x0000000700af89c0|
|  11|0x0000000700b00000, 0x0000000700bffff8, 0x0000000700c00000| 99%| O|  |TS  0|AC  0|TAMS 0x0000000700bffff8, 0x0000000700bffff8|
|  12|0x0000000700c00000, 0x0000000700cfdd78, 0x0000000700d00000| 99%| O|  |TS  0|AC  0|TAMS 0x0000000700cfdd78, 0x0000000700cfdd78|
|  13|0x0000000700d00000, 0x0000000700dd42b0, 0x0000000700e00000| 82%| O|  |TS  0|AC  0|TAMS 0x0000000700dd42b0, 0x0000000700dd42b0|
|  14|0x0000000700e00000, 0x0000000700ef8510, 0x0000000700f00000| 96%| O|  |TS  0|AC  0|TAMS 0x0000000700ef8510, 0x0000000700ef8510|
|  15|0x0000000700f00000, 0x0000000701000000, 0x0000000701000000|100%| O|  |TS  0|AC  0|TAMS 0x0000000701000000, 0x0000000701000000|
|  16|0x0000000701000000, 0x00000007010fff98, 0x0000000701100000| 99%| O|  |TS  0|AC  0|TAMS 0x00000007010fff98, 0x00000007010fff98|
|  17|0x0000000701100000, 0x00000007011ffff8, 0x0000000701200000| 99%| O|  |TS  0|AC  0|TAMS 0x00000007011ffff8, 0x00000007011ffff8|
|  18|0x0000000701200000, 0x00000007012fffc8, 0x0000000701300000| 99%| O|  |TS  0|AC  0|TAMS 0x00000007012fffc8, 0x00000007012fffc8|
|  19|0x0000000701300000, 0x0000000701400000, 0x0000000701400000|100%| O|  |TS  0|AC  0|TAMS 0x0000000701400000, 0x0000000701400000|
|  20|0x0000000701400000, 0x00000007014fffe8, 0x0000000701500000| 99%| O|  |TS  0|AC  0|TAMS 0x00000007014fffe8, 0x00000007014fffe8|
|  21|0x0000000701500000, 0x0000000701600000, 0x0000000701600000|100%| O|  |TS  0|AC  0|TAMS 0x0000000701600000, 0x0000000701600000|
|  22|0x0000000701600000, 0x00000007016fffe8, 0x0000000701700000| 99%| O|  |TS  0|AC  0|TAMS 0x00000007016fffe8, 0x00000007016fffe8|
|  23|0x0000000701700000, 0x00000007017ffff0, 0x0000000701800000| 99%| O|  |TS  0|AC  0|TAMS 0x00000007017ffff0, 0x00000007017ffff0|
|  24|0x0000000701800000, 0x00000007018fffe8, 0x0000000701900000| 99%| O|  |TS  0|AC  0|TAMS 0x00000007018fffe8, 0x00000007018fffe8|
|  25|0x0000000701900000, 0x00000007019fffd0, 0x0000000701a00000| 99%| O|  |TS  0|AC  0|TAMS 0x00000007019fffd0, 0x00000007019fffd0|
|  26|0x0000000701a00000, 0x0000000701affff8, 0x0000000701b00000| 99%| O|  |TS  0|AC  0|TAMS 0x0000000701affff8, 0x0000000701affff8|
|  27|0x0000000701b00000, 0x0000000701bffff8, 0x0000000701c00000| 99%| O|  |TS  0|AC  0|TAMS 0x0000000701bffff8, 0x0000000701bffff8|
|  28|0x0000000701c00000, 0x0000000701cffff8, 0x0000000701d00000| 99%| O|  |TS  0|AC  0|TAMS 0x0000000701cffff8, 0x0000000701cffff8|
|  29|0x0000000701d00000, 0x0000000701dfffe8, 0x0000000701e00000| 99%| O|  |TS  0|AC  0|TAMS 0x0000000701dfffe8, 0x0000000701dfffe8|
|  30|0x0000000701e00000, 0x0000000701effe90, 0x0000000701f00000| 99%| O|  |TS  0|AC  0|TAMS 0x0000000701effe90, 0x0000000701effe90|
|  31|0x0000000701f00000, 0x0000000701fffff0, 0x0000000702000000| 99%| O|  |TS  0|AC  0|TAMS 0x0000000701fffff0, 0x0000000701fffff0|
|  32|0x0000000702000000, 0x0000000702100000, 0x0000000702100000|100%| O|  |TS  0|AC  0|TAMS 0x0000000702100000, 0x0000000702100000|
|  33|0x0000000702100000, 0x00000007021fffd8, 0x0000000702200000| 99%| O|  |TS  0|AC  0|TAMS 0x00000007021fffd8, 0x00000007021fffd8|
|  34|0x0000000702200000, 0x00000007022ffff8, 0x0000000702300000| 99%| O|  |TS  0|AC  0|TAMS 0x00000007022ffff8, 0x00000007022ffff8|
|  35|0x0000000702300000, 0x00000007023fffe8, 0x0000000702400000| 99%| O|  |TS  0|AC  0|TAMS 0x00000007023fffe8, 0x00000007023fffe8|
|  36|0x0000000702400000, 0x00000007024fffe8, 0x0000000702500000| 99%| O|  |TS  0|AC  0|TAMS 0x00000007024fffe8, 0x00000007024fffe8|
|  37|0x0000000702500000, 0x00000007025fdaa8, 0x0000000702600000| 99%| O|  |TS  0|AC  0|TAMS 0x00000007025fdaa8, 0x00000007025fdaa8|
|  38|0x0000000702600000, 0x00000007026fe2e0, 0x0000000702700000| 99%| O|  |TS  0|AC  0|TAMS 0x00000007026fe2e0, 0x00000007026fe2e0|
|  39|0x0000000702700000, 0x00000007027fffc8, 0x0000000702800000| 99%| O|  |TS  0|AC  0|TAMS 0x00000007027fffc8, 0x00000007027fffc8|
|  40|0x0000000702800000, 0x00000007028ffff8, 0x0000000702900000| 99%| O|  |TS  0|AC  0|TAMS 0x00000007028ffff8, 0x00000007028ffff8|
|  41|0x0000000702900000, 0x0000000702a00000, 0x0000000702a00000|100%| O|  |TS  0|AC  0|TAMS 0x0000000702a00000, 0x0000000702a00000|
|  42|0x0000000702a00000, 0x0000000702afffb8, 0x0000000702b00000| 99%| O|  |TS  0|AC  0|TAMS 0x0000000702afffb8, 0x0000000702afffb8|
|  43|0x0000000702b00000, 0x0000000702bffff8, 0x0000000702c00000| 99%| O|  |TS  0|AC  0|TAMS 0x0000000702bffff8, 0x0000000702bffff8|
|  44|0x0000000702c00000, 0x0000000702cfff08, 0x0000000702d00000| 99%| O|  |TS  0|AC  0|TAMS 0x0000000702cfff08, 0x0000000702cfff08|
|  45|0x0000000702d00000, 0x0000000702dfffe0, 0x0000000702e00000| 99%| O|  |TS  0|AC  0|TAMS 0x0000000702dfffe0, 0x0000000702dfffe0|
|  46|0x0000000702e00000, 0x0000000702efffe8, 0x0000000702f00000| 99%| O|  |TS  0|AC  0|TAMS 0x0000000702efffe8, 0x0000000702efffe8|
|  47|0x0000000702f00000, 0x0000000703000000, 0x0000000703000000|100%| O|  |TS  0|AC  0|TAMS 0x0000000703000000, 0x0000000703000000|
|  48|0x0000000703000000, 0x00000007030fffe8, 0x0000000703100000| 99%| O|  |TS  0|AC  0|TAMS 0x00000007030fffe8, 0x00000007030fffe8|
|  49|0x0000000703100000, 0x00000007031fffe8, 0x0000000703200000| 99%| O|  |TS  0|AC  0|TAMS 0x00000007031fffe8, 0x00000007031fffe8|
|  50|0x0000000703200000, 0x00000007032fff70, 0x0000000703300000| 99%| O|  |TS  0|AC  0|TAMS 0x00000007032fff70, 0x00000007032fff70|
|  51|0x0000000703300000, 0x00000007033ffff8, 0x0000000703400000| 99%| O|  |TS  0|AC  0|TAMS 0x00000007033ffff8, 0x00000007033ffff8|
|  52|0x0000000703400000, 0x00000007034fffe8, 0x0000000703500000| 99%| O|  |TS  0|AC  0|TAMS 0x00000007034fffe8, 0x00000007034fffe8|
|  53|0x0000000703500000, 0x00000007035fffe8, 0x0000000703600000| 99%| O|  |TS  0|AC  0|TAMS 0x00000007035fffe8, 0x00000007035fffe8|
|  54|0x0000000703600000, 0x00000007036fffe8, 0x0000000703700000| 99%| O|  |TS  0|AC  0|TAMS 0x00000007036fffe8, 0x00000007036fffe8|
|  55|0x0000000703700000, 0x00000007037ffff0, 0x0000000703800000| 99%| O|  |TS  0|AC  0|TAMS 0x00000007037ffff0, 0x00000007037ffff0|
|  56|0x0000000703800000, 0x00000007038ffff8, 0x0000000703900000| 99%| O|  |TS  0|AC  0|TAMS 0x00000007038ffff8, 0x00000007038ffff8|
|  57|0x0000000703900000, 0x0000000703a00000, 0x0000000703a00000|100%|HS|  |TS  0|AC  0|TAMS 0x0000000703a00000, 0x0000000703a00000|
|  58|0x0000000703a00000, 0x0000000703b00000, 0x0000000703b00000|100%|HC|  |TS  0|AC  0|TAMS 0x0000000703b00000, 0x0000000703b00000|
|  59|0x0000000703b00000, 0x0000000703bfff60, 0x0000000703c00000| 99%| O|  |TS  0|AC  0|TAMS 0x0000000703bfff60, 0x0000000703bfff60|
|  60|0x0000000703c00000, 0x0000000703d00000, 0x0000000703d00000|100%| O|  |TS  0|AC  0|TAMS 0x0000000703d00000, 0x0000000703d00000|
|  61|0x0000000703d00000, 0x0000000703dffff8, 0x0000000703e00000| 99%| O|  |TS  0|AC  0|TAMS 0x0000000703dffff8, 0x0000000703dffff8|
|  62|0x0000000703e00000, 0x0000000703efffb0, 0x0000000703f00000| 99%| O|  |TS  0|AC  0|TAMS 0x0000000703efffb0, 0x0000000703efffb0|
|  63|0x0000000703f00000, 0x0000000703ffffd8, 0x0000000704000000| 99%| O|  |TS  0|AC  0|TAMS 0x0000000703ffffd8, 0x0000000703ffffd8|
|  64|0x0000000704000000, 0x00000007040fffe8, 0x0000000704100000| 99%| O|  |TS  0|AC  0|TAMS 0x00000007040fffe8, 0x00000007040fffe8|
|  65|0x0000000704100000, 0x00000007041fffb8, 0x0000000704200000| 99%| O|  |TS  0|AC  0|TAMS 0x00000007041fffb8, 0x00000007041fffb8|
|  66|0x0000000704200000, 0x00000007042fffe0, 0x0000000704300000| 99%| O|  |TS  0|AC  0|TAMS 0x00000007042fffe0, 0x00000007042fffe0|
|  67|0x0000000704300000, 0x0000000704400000, 0x0000000704400000|100%| O|  |TS  0|AC  0|TAMS 0x0000000704400000, 0x0000000704400000|
|  68|0x0000000704400000, 0x0000000704500000, 0x0000000704500000|100%| O|  |TS  0|AC  0|TAMS 0x0000000704500000, 0x0000000704500000|
|  69|0x0000000704500000, 0x00000007045ff608, 0x0000000704600000| 99%| O|  |TS  0|AC  0|TAMS 0x00000007045ff608, 0x00000007045ff608|
|  70|0x0000000704600000, 0x00000007046ffff8, 0x0000000704700000| 99%| O|  |TS  0|AC  0|TAMS 0x00000007046ffff8, 0x00000007046ffff8|
|  71|0x0000000704700000, 0x00000007047fffe8, 0x0000000704800000| 99%| O|  |TS  0|AC  0|TAMS 0x00000007047fffe8, 0x00000007047fffe8|
|  72|0x0000000704800000, 0x00000007048ffff8, 0x0000000704900000| 99%| O|  |TS  0|AC  0|TAMS 0x00000007048ffff8, 0x00000007048ffff8|
|  73|0x0000000704900000, 0x0000000704a00000, 0x0000000704a00000|100%| O|  |TS  0|AC  0|TAMS 0x0000000704a00000, 0x0000000704a00000|
|  74|0x0000000704a00000, 0x0000000704affff8, 0x0000000704b00000| 99%| O|  |TS  0|AC  0|TAMS 0x0000000704affff8, 0x0000000704affff8|
|  75|0x0000000704b00000, 0x0000000704bffff8, 0x0000000704c00000| 99%| O|  |TS  0|AC  0|TAMS 0x0000000704bffff8, 0x0000000704bffff8|
|  76|0x0000000704c00000, 0x0000000704cffd78, 0x0000000704d00000| 99%| O|  |TS  0|AC  0|TAMS 0x0000000704cffd78, 0x0000000704cffd78|
|  77|0x0000000704d00000, 0x0000000704e00000, 0x0000000704e00000|100%| O|  |TS  0|AC  0|TAMS 0x0000000704e00000, 0x0000000704e00000|
|  78|0x0000000704e00000, 0x0000000704efff80, 0x0000000704f00000| 99%| O|  |TS  0|AC  0|TAMS 0x0000000704efff80, 0x0000000704efff80|
|  79|0x0000000704f00000, 0x0000000704ffe758, 0x0000000705000000| 99%| O|  |TS  0|AC  0|TAMS 0x0000000704ffe758, 0x0000000704ffe758|
|  80|0x0000000705000000, 0x00000007050fffd0, 0x0000000705100000| 99%| O|  |TS  0|AC  0|TAMS 0x00000007050fffd0, 0x00000007050fffd0|
|  81|0x0000000705100000, 0x00000007051fc528, 0x0000000705200000| 98%| O|  |TS  0|AC  0|TAMS 0x00000007051fc528, 0x00000007051fc528|
|  82|0x0000000705200000, 0x00000007052ff0b0, 0x0000000705300000| 99%| O|  |TS  0|AC  0|TAMS 0x00000007052ff0b0, 0x00000007052ff0b0|
|  83|0x0000000705300000, 0x0000000705400000, 0x0000000705400000|100%| O|  |TS  0|AC  0|TAMS 0x0000000705400000, 0x0000000705400000|
|  84|0x0000000705400000, 0x00000007054fffe0, 0x0000000705500000| 99%| O|  |TS  0|AC  0|TAMS 0x00000007054fffe0, 0x00000007054fffe0|
|  85|0x0000000705500000, 0x00000007055ffff8, 0x0000000705600000| 99%| O|  |TS  0|AC  0|TAMS 0x00000007055ffff8, 0x00000007055ffff8|
|  86|0x0000000705600000, 0x00000007056ffff8, 0x0000000705700000| 99%| O|  |TS  0|AC  0|TAMS 0x00000007056ffff8, 0x00000007056ffff8|
|  87|0x0000000705700000, 0x00000007057ffff0, 0x0000000705800000| 99%| O|  |TS  0|AC  0|TAMS 0x00000007057ffff0, 0x00000007057ffff0|
|  88|0x0000000705800000, 0x00000007058ffff0, 0x0000000705900000| 99%| O|  |TS  0|AC  0|TAMS 0x00000007058ffff0, 0x00000007058ffff0|
|  89|0x0000000705900000, 0x00000007059fd650, 0x0000000705a00000| 98%| O|  |TS  0|AC  0|TAMS 0x00000007059fd650, 0x00000007059fd650|
|  90|0x0000000705a00000, 0x0000000705affff8, 0x0000000705b00000| 99%| O|  |TS  0|AC  0|TAMS 0x0000000705affff8, 0x0000000705affff8|
|  91|0x0000000705b00000, 0x0000000705c00000, 0x0000000705c00000|100%|HS|  |TS  0|AC  0|TAMS 0x0000000705c00000, 0x0000000705c00000|
|  92|0x0000000705c00000, 0x0000000705d00000, 0x0000000705d00000|100%|HC|  |TS  0|AC  0|TAMS 0x0000000705d00000, 0x0000000705d00000|
|  93|0x0000000705d00000, 0x0000000705e00000, 0x0000000705e00000|100%|HC|  |TS  0|AC  0|TAMS 0x0000000705e00000, 0x0000000705e00000|
|  94|0x0000000705e00000, 0x0000000705f00000, 0x0000000705f00000|100%|HC|  |TS  0|AC  0|TAMS 0x0000000705f00000, 0x0000000705f00000|
|  95|0x0000000705f00000, 0x0000000705fffff8, 0x0000000706000000| 99%| O|  |TS  0|AC  0|TAMS 0x0000000705fffff8, 0x0000000705fffff8|
|  96|0x0000000706000000, 0x0000000706100000, 0x0000000706100000|100%| O|  |TS  0|AC  0|TAMS 0x0000000706100000, 0x0000000706100000|
|  97|0x0000000706100000, 0x0000000706200000, 0x0000000706200000|100%|HS|  |TS  0|AC  0|TAMS 0x0000000706200000, 0x0000000706200000|
|  98|0x0000000706200000, 0x0000000706300000, 0x0000000706300000|100%|HC|  |TS  0|AC  0|TAMS 0x0000000706300000, 0x0000000706300000|
|  99|0x0000000706300000, 0x0000000706400000, 0x0000000706400000|100%|HC|  |TS  0|AC  0|TAMS 0x0000000706400000, 0x0000000706400000|
| 100|0x0000000706400000, 0x0000000706500000, 0x0000000706500000|100%|HC|  |TS  0|AC  0|TAMS 0x0000000706500000, 0x0000000706500000|
| 101|0x0000000706500000, 0x0000000706600000, 0x0000000706600000|100%| O|  |TS  0|AC  0|TAMS 0x0000000706600000, 0x0000000706600000|
| 102|0x0000000706600000, 0x00000007066fffc0, 0x0000000706700000| 99%| O|  |TS  0|AC  0|TAMS 0x00000007066fffc0, 0x00000007066fffc0|
| 103|0x0000000706700000, 0x00000007067ffff0, 0x0000000706800000| 99%| O|  |TS  0|AC  0|TAMS 0x00000007067ffff0, 0x00000007067ffff0|
| 104|0x0000000706800000, 0x00000007068ffff8, 0x0000000706900000| 99%| O|  |TS  0|AC  0|TAMS 0x00000007068ffff8, 0x00000007068ffff8|
| 105|0x0000000706900000, 0x00000007069fffe0, 0x0000000706a00000| 99%| O|  |TS  0|AC  0|TAMS 0x00000007069fffe0, 0x00000007069fffe0|
| 106|0x0000000706a00000, 0x0000000706afd430, 0x0000000706b00000| 98%| O|  |TS  0|AC  0|TAMS 0x0000000706afd430, 0x0000000706afd430|
| 107|0x0000000706b00000, 0x0000000706bfcef8, 0x0000000706c00000| 98%| O|  |TS  0|AC  0|TAMS 0x0000000706bfcef8, 0x0000000706bfcef8|
| 108|0x0000000706c00000, 0x0000000706cf5608, 0x0000000706d00000| 95%| O|  |TS  0|AC  0|TAMS 0x0000000706cf5608, 0x0000000706cf5608|
| 109|0x0000000706d00000, 0x0000000706dfeca0, 0x0000000706e00000| 99%| O|  |TS  0|AC  0|TAMS 0x0000000706dfeca0, 0x0000000706dfeca0|
| 110|0x0000000706e00000, 0x0000000706effd30, 0x0000000706f00000| 99%| O|  |TS  0|AC  0|TAMS 0x0000000706effd30, 0x0000000706effd30|
| 111|0x0000000706f00000, 0x0000000706ffffe8, 0x0000000707000000| 99%| O|  |TS  0|AC  0|TAMS 0x0000000706ffffe8, 0x0000000706ffffe8|
| 112|0x0000000707000000, 0x00000007070fff88, 0x0000000707100000| 99%| O|  |TS  0|AC  0|TAMS 0x00000007070fff88, 0x00000007070fff88|
| 113|0x0000000707100000, 0x00000007071fffe0, 0x0000000707200000| 99%| O|  |TS  0|AC  0|TAMS 0x00000007071fffe0, 0x00000007071fffe0|
| 114|0x0000000707200000, 0x00000007072dab28, 0x0000000707300000| 85%| O|  |TS  0|AC  0|TAMS 0x00000007072dab28, 0x00000007072dab28|
| 115|0x0000000707300000, 0x00000007073fffc0, 0x0000000707400000| 99%| O|  |TS  0|AC  0|TAMS 0x00000007073fffc0, 0x00000007073fffc0|
| 116|0x0000000707400000, 0x00000007074b7f58, 0x0000000707500000| 71%| O|  |TS  0|AC  0|TAMS 0x00000007074b7f58, 0x00000007074b7f58|
| 117|0x0000000707500000, 0x000000070752fc00, 0x0000000707600000| 18%| O|  |TS  1|AC  0|TAMS 0x0000000707520200, 0x0000000707520200|
| 118|0x0000000707600000, 0x0000000707700000, 0x0000000707700000|100%|HS|  |TS  0|AC  0|TAMS 0x0000000707700000, 0x0000000707700000|
| 119|0x0000000707700000, 0x0000000707700000, 0x0000000707800000|  0%| F|  |TS  0|AC  0|TAMS 0x0000000707700000, 0x0000000707700000|
| 120|0x0000000707800000, 0x0000000707800000, 0x0000000707900000|  0%| F|  |TS  0|AC  0|TAMS 0x0000000707800000, 0x0000000707800000|
| 121|0x0000000707900000, 0x0000000707900000, 0x0000000707a00000|  0%| F|  |TS  0|AC  0|TAMS 0x0000000707900000, 0x0000000707900000|
| 122|0x0000000707a00000, 0x0000000707a00000, 0x0000000707b00000|  0%| F|  |TS  0|AC  0|TAMS 0x0000000707a00000, 0x0000000707a00000|
| 123|0x0000000707b00000, 0x0000000707b00000, 0x0000000707c00000|  0%| F|  |TS  0|AC  0|TAMS 0x0000000707b00000, 0x0000000707b00000|
| 124|0x0000000707c00000, 0x0000000707c00000, 0x0000000707d00000|  0%| F|  |TS  0|AC  0|TAMS 0x0000000707c00000, 0x0000000707c00000|
| 125|0x0000000707d00000, 0x0000000707d00000, 0x0000000707e00000|  0%| F|  |TS  0|AC  0|TAMS 0x0000000707d00000, 0x0000000707d00000|
| 126|0x0000000707e00000, 0x0000000707e00000, 0x0000000707f00000|  0%| F|  |TS  0|AC  0|TAMS 0x0000000707e00000, 0x0000000707e00000|
| 127|0x0000000707f00000, 0x0000000707f00000, 0x0000000708000000|  0%| F|  |TS  0|AC  0|TAMS 0x0000000707f00000, 0x0000000707f00000|
| 128|0x0000000708000000, 0x0000000708000000, 0x0000000708100000|  0%| F|  |TS  0|AC  0|TAMS 0x0000000708000000, 0x0000000708000000|
| 129|0x0000000708100000, 0x0000000708100000, 0x0000000708200000|  0%| F|  |TS  0|AC  0|TAMS 0x0000000708100000, 0x0000000708100000|
| 130|0x0000000708200000, 0x0000000708200000, 0x0000000708300000|  0%| F|  |TS  0|AC  0|TAMS 0x0000000708200000, 0x0000000708200000|
| 131|0x0000000708300000, 0x0000000708300000, 0x0000000708400000|  0%| F|  |TS  0|AC  0|TAMS 0x0000000708300000, 0x0000000708300000|
| 132|0x0000000708400000, 0x0000000708400000, 0x0000000708500000|  0%| F|  |TS  0|AC  0|TAMS 0x0000000708400000, 0x0000000708400000|
| 133|0x0000000708500000, 0x0000000708500000, 0x0000000708600000|  0%| F|  |TS  0|AC  0|TAMS 0x0000000708500000, 0x0000000708500000|
| 134|0x0000000708600000, 0x0000000708600000, 0x0000000708700000|  0%| F|  |TS  0|AC  0|TAMS 0x0000000708600000, 0x0000000708600000|
| 135|0x0000000708700000, 0x0000000708700000, 0x0000000708800000|  0%| F|  |TS  0|AC  0|TAMS 0x0000000708700000, 0x0000000708700000|
| 136|0x0000000708800000, 0x0000000708800000, 0x0000000708900000|  0%| F|  |TS  0|AC  0|TAMS 0x0000000708800000, 0x0000000708800000|
| 137|0x0000000708900000, 0x0000000708900000, 0x0000000708a00000|  0%| F|  |TS  0|AC  0|TAMS 0x0000000708900000, 0x0000000708900000|
| 138|0x0000000708a00000, 0x0000000708a00000, 0x0000000708b00000|  0%| F|  |TS  0|AC  0|TAMS 0x0000000708a00000, 0x0000000708a00000|
| 139|0x0000000708b00000, 0x0000000708b00000, 0x0000000708c00000|  0%| F|  |TS  0|AC  0|TAMS 0x0000000708b00000, 0x0000000708b00000|
| 140|0x0000000708c00000, 0x0000000708c00000, 0x0000000708d00000|  0%| F|  |TS  0|AC  0|TAMS 0x0000000708c00000, 0x0000000708c00000|
| 141|0x0000000708d00000, 0x0000000708d00000, 0x0000000708e00000|  0%| F|  |TS  0|AC  0|TAMS 0x0000000708d00000, 0x0000000708d00000|
| 142|0x0000000708e00000, 0x0000000708e00000, 0x0000000708f00000|  0%| F|  |TS  0|AC  0|TAMS 0x0000000708e00000, 0x0000000708e00000|
| 143|0x0000000708f00000, 0x0000000708f00000, 0x0000000709000000|  0%| F|  |TS  0|AC  0|TAMS 0x0000000708f00000, 0x0000000708f00000|
| 144|0x0000000709000000, 0x0000000709000000, 0x0000000709100000|  0%| F|  |TS  0|AC  0|TAMS 0x0000000709000000, 0x0000000709000000|
| 145|0x0000000709100000, 0x0000000709100000, 0x0000000709200000|  0%| F|  |TS  0|AC  0|TAMS 0x0000000709100000, 0x0000000709100000|
| 146|0x0000000709200000, 0x0000000709200000, 0x0000000709300000|  0%| F|  |TS  0|AC  0|TAMS 0x0000000709200000, 0x0000000709200000|
| 147|0x0000000709300000, 0x0000000709300000, 0x0000000709400000|  0%| F|  |TS  0|AC  0|TAMS 0x0000000709300000, 0x0000000709300000|
| 148|0x0000000709400000, 0x0000000709400000, 0x0000000709500000|  0%| F|  |TS  0|AC  0|TAMS 0x0000000709400000, 0x0000000709400000|
| 149|0x0000000709500000, 0x0000000709500000, 0x0000000709600000|  0%| F|  |TS  0|AC  0|TAMS 0x0000000709500000, 0x0000000709500000|
| 150|0x0000000709600000, 0x0000000709600000, 0x0000000709700000|  0%| F|  |TS  0|AC  0|TAMS 0x0000000709600000, 0x0000000709600000|
| 151|0x0000000709700000, 0x0000000709700000, 0x0000000709800000|  0%| F|  |TS  0|AC  0|TAMS 0x0000000709700000, 0x0000000709700000|
| 152|0x0000000709800000, 0x0000000709800000, 0x0000000709900000|  0%| F|  |TS  0|AC  0|TAMS 0x0000000709800000, 0x0000000709800000|
| 153|0x0000000709900000, 0x0000000709900000, 0x0000000709a00000|  0%| F|  |TS  0|AC  0|TAMS 0x0000000709900000, 0x0000000709900000|
| 154|0x0000000709a00000, 0x0000000709a00000, 0x0000000709b00000|  0%| F|  |TS  0|AC  0|TAMS 0x0000000709a00000, 0x0000000709a00000|
| 155|0x0000000709b00000, 0x0000000709b00000, 0x0000000709c00000|  0%| F|  |TS  0|AC  0|TAMS 0x0000000709b00000, 0x0000000709b00000|
| 156|0x0000000709c00000, 0x0000000709c00000, 0x0000000709d00000|  0%| F|  |TS  1|AC  0|TAMS 0x0000000709c00000, 0x0000000709c00000|
| 157|0x0000000709d00000, 0x0000000709d00000, 0x0000000709e00000|  0%| F|  |TS  1|AC  0|TAMS 0x0000000709d00000, 0x0000000709d00000|
| 158|0x0000000709e00000, 0x0000000709e5ad98, 0x0000000709f00000| 35%| S|CS|TS  1|AC  0|TAMS 0x0000000709e00000, 0x0000000709e00000|
| 159|0x0000000709f00000, 0x000000070a000000, 0x000000070a000000|100%| S|CS|TS  1|AC  0|TAMS 0x0000000709f00000, 0x0000000709f00000|
| 160|0x000000070a000000, 0x000000070a000000, 0x000000070a100000|  0%| F|  |TS  1|AC  0|TAMS 0x000000070a000000, 0x000000070a000000|
| 161|0x000000070a100000, 0x000000070a100000, 0x000000070a200000|  0%| F|  |TS  1|AC  0|TAMS 0x000000070a100000, 0x000000070a100000|
| 162|0x000000070a200000, 0x000000070a200000, 0x000000070a300000|  0%| F|  |TS  1|AC  0|TAMS 0x000000070a200000, 0x000000070a200000|
| 163|0x000000070a300000, 0x000000070a300000, 0x000000070a400000|  0%| F|  |TS  1|AC  0|TAMS 0x000000070a300000, 0x000000070a300000|
| 164|0x000000070a400000, 0x000000070a400000, 0x000000070a500000|  0%| F|  |TS  1|AC  0|TAMS 0x000000070a400000, 0x000000070a400000|
| 165|0x000000070a500000, 0x000000070a500000, 0x000000070a600000|  0%| F|  |TS  1|AC  0|TAMS 0x000000070a500000, 0x000000070a500000|
| 166|0x000000070a600000, 0x000000070a600000, 0x000000070a700000|  0%| F|  |TS  1|AC  0|TAMS 0x000000070a600000, 0x000000070a600000|
| 167|0x000000070a700000, 0x000000070a700000, 0x000000070a800000|  0%| F|  |TS  1|AC  0|TAMS 0x000000070a700000, 0x000000070a700000|
| 168|0x000000070a800000, 0x000000070a800000, 0x000000070a900000|  0%| F|  |TS  1|AC  0|TAMS 0x000000070a800000, 0x000000070a800000|
| 169|0x000000070a900000, 0x000000070a900000, 0x000000070aa00000|  0%| F|  |TS  1|AC  0|TAMS 0x000000070a900000, 0x000000070a900000|
| 170|0x000000070aa00000, 0x000000070aa00000, 0x000000070ab00000|  0%| F|  |TS  1|AC  0|TAMS 0x000000070aa00000, 0x000000070aa00000|
| 171|0x000000070ab00000, 0x000000070ab00000, 0x000000070ac00000|  0%| F|  |TS  1|AC  0|TAMS 0x000000070ab00000, 0x000000070ab00000|
| 172|0x000000070ac00000, 0x000000070ac00000, 0x000000070ad00000|  0%| F|  |TS  1|AC  0|TAMS 0x000000070ac00000, 0x000000070ac00000|
| 173|0x000000070ad00000, 0x000000070ad00000, 0x000000070ae00000|  0%| F|  |TS  1|AC  0|TAMS 0x000000070ad00000, 0x000000070ad00000|
| 174|0x000000070ae00000, 0x000000070ae00000, 0x000000070af00000|  0%| F|  |TS  1|AC  0|TAMS 0x000000070ae00000, 0x000000070ae00000|
| 175|0x000000070af00000, 0x000000070af00000, 0x000000070b000000|  0%| F|  |TS  1|AC  0|TAMS 0x000000070af00000, 0x000000070af00000|
| 176|0x000000070b000000, 0x000000070b000000, 0x000000070b100000|  0%| F|  |TS  1|AC  0|TAMS 0x000000070b000000, 0x000000070b000000|
| 177|0x000000070b100000, 0x000000070b100000, 0x000000070b200000|  0%| F|  |TS  1|AC  0|TAMS 0x000000070b100000, 0x000000070b100000|
| 178|0x000000070b200000, 0x000000070b200000, 0x000000070b300000|  0%| F|  |TS  1|AC  0|TAMS 0x000000070b200000, 0x000000070b200000|
| 179|0x000000070b300000, 0x000000070b300000, 0x000000070b400000|  0%| F|  |TS  1|AC  0|TAMS 0x000000070b300000, 0x000000070b300000|
| 180|0x000000070b400000, 0x000000070b400000, 0x000000070b500000|  0%| F|  |TS  1|AC  0|TAMS 0x000000070b400000, 0x000000070b400000|
| 181|0x000000070b500000, 0x000000070b500000, 0x000000070b600000|  0%| F|  |TS  1|AC  0|TAMS 0x000000070b500000, 0x000000070b500000|
| 182|0x000000070b600000, 0x000000070b600000, 0x000000070b700000|  0%| F|  |TS  1|AC  0|TAMS 0x000000070b600000, 0x000000070b600000|
| 183|0x000000070b700000, 0x000000070b700000, 0x000000070b800000|  0%| F|  |TS  1|AC  0|TAMS 0x000000070b700000, 0x000000070b700000|
| 184|0x000000070b800000, 0x000000070b800000, 0x000000070b900000|  0%| F|  |TS  1|AC  0|TAMS 0x000000070b800000, 0x000000070b800000|
| 185|0x000000070b900000, 0x000000070b900000, 0x000000070ba00000|  0%| F|  |TS  1|AC  0|TAMS 0x000000070b900000, 0x000000070b900000|
| 186|0x000000070ba00000, 0x000000070ba00000, 0x000000070bb00000|  0%| F|  |TS  1|AC  0|TAMS 0x000000070ba00000, 0x000000070ba00000|
| 187|0x000000070bb00000, 0x000000070bb00000, 0x000000070bc00000|  0%| F|  |TS  1|AC  0|TAMS 0x000000070bb00000, 0x000000070bb00000|
| 188|0x000000070bc00000, 0x000000070bc00000, 0x000000070bd00000|  0%| F|  |TS  1|AC  0|TAMS 0x000000070bc00000, 0x000000070bc00000|
| 189|0x000000070bd00000, 0x000000070bd00000, 0x000000070be00000|  0%| F|  |TS  1|AC  0|TAMS 0x000000070bd00000, 0x000000070bd00000|
| 190|0x000000070be00000, 0x000000070be00000, 0x000000070bf00000|  0%| F|  |TS  1|AC  0|TAMS 0x000000070be00000, 0x000000070be00000|
| 191|0x000000070bf00000, 0x000000070bf00000, 0x000000070c000000|  0%| F|  |TS  1|AC  0|TAMS 0x000000070bf00000, 0x000000070bf00000|
| 192|0x000000070c000000, 0x000000070c000000, 0x000000070c100000|  0%| F|  |TS  1|AC  0|TAMS 0x000000070c000000, 0x000000070c000000|
| 193|0x000000070c100000, 0x000000070c100000, 0x000000070c200000|  0%| F|  |TS  1|AC  0|TAMS 0x000000070c100000, 0x000000070c100000|
| 194|0x000000070c200000, 0x000000070c200000, 0x000000070c300000|  0%| F|  |TS  1|AC  0|TAMS 0x000000070c200000, 0x000000070c200000|
| 195|0x000000070c300000, 0x000000070c300000, 0x000000070c400000|  0%| F|  |TS  1|AC  0|TAMS 0x000000070c300000, 0x000000070c300000|
| 196|0x000000070c400000, 0x000000070c400000, 0x000000070c500000|  0%| F|  |TS  1|AC  0|TAMS 0x000000070c400000, 0x000000070c400000|
| 197|0x000000070c500000, 0x000000070c500000, 0x000000070c600000|  0%| F|  |TS  1|AC  0|TAMS 0x000000070c500000, 0x000000070c500000|
| 198|0x000000070c600000, 0x000000070c600000, 0x000000070c700000|  0%| F|  |TS  1|AC  0|TAMS 0x000000070c600000, 0x000000070c600000|
| 199|0x000000070c700000, 0x000000070c700000, 0x000000070c800000|  0%| F|  |TS  1|AC  0|TAMS 0x000000070c700000, 0x000000070c700000|
| 200|0x000000070c800000, 0x000000070c800000, 0x000000070c900000|  0%| F|  |TS  1|AC  0|TAMS 0x000000070c800000, 0x000000070c800000|
| 201|0x000000070c900000, 0x000000070c900000, 0x000000070ca00000|  0%| F|  |TS  1|AC  0|TAMS 0x000000070c900000, 0x000000070c900000|
| 202|0x000000070ca00000, 0x000000070ca00000, 0x000000070cb00000|  0%| F|  |TS  1|AC  0|TAMS 0x000000070ca00000, 0x000000070ca00000|
| 203|0x000000070cb00000, 0x000000070cb00000, 0x000000070cc00000|  0%| F|  |TS  1|AC  0|TAMS 0x000000070cb00000, 0x000000070cb00000|
| 204|0x000000070cc00000, 0x000000070cc00000, 0x000000070cd00000|  0%| F|  |TS  1|AC  0|TAMS 0x000000070cc00000, 0x000000070cc00000|
| 205|0x000000070cd00000, 0x000000070cd00000, 0x000000070ce00000|  0%| F|  |TS  1|AC  0|TAMS 0x000000070cd00000, 0x000000070cd00000|
| 206|0x000000070ce00000, 0x000000070ce00000, 0x000000070cf00000|  0%| F|  |TS  1|AC  0|TAMS 0x000000070ce00000, 0x000000070ce00000|
| 207|0x000000070cf00000, 0x000000070cf00000, 0x000000070d000000|  0%| F|  |TS  1|AC  0|TAMS 0x000000070cf00000, 0x000000070cf00000|
| 208|0x000000070d000000, 0x000000070d000000, 0x000000070d100000|  0%| F|  |TS  1|AC  0|TAMS 0x000000070d000000, 0x000000070d000000|
| 209|0x000000070d100000, 0x000000070d1502d8, 0x000000070d200000| 31%| E|  |TS  1|AC  0|TAMS 0x000000070d100000, 0x000000070d100000|
| 210|0x000000070d200000, 0x000000070d300000, 0x000000070d300000|100%| E|CS|TS  1|AC  0|TAMS 0x000000070d200000, 0x000000070d200000|
| 211|0x000000070d300000, 0x000000070d400000, 0x000000070d400000|100%| E|CS|TS  1|AC  0|TAMS 0x000000070d300000, 0x000000070d300000|
| 212|0x000000070d400000, 0x000000070d500000, 0x000000070d500000|100%| E|CS|TS  1|AC  0|TAMS 0x000000070d400000, 0x000000070d400000|
| 213|0x000000070d500000, 0x000000070d600000, 0x000000070d600000|100%| E|CS|TS  1|AC  0|TAMS 0x000000070d500000, 0x000000070d500000|
| 214|0x000000070d600000, 0x000000070d700000, 0x000000070d700000|100%| E|CS|TS  1|AC  0|TAMS 0x000000070d600000, 0x000000070d600000|
| 215|0x000000070d700000, 0x000000070d800000, 0x000000070d800000|100%| E|CS|TS  1|AC  0|TAMS 0x000000070d700000, 0x000000070d700000|
| 216|0x000000070d800000, 0x000000070d900000, 0x000000070d900000|100%| E|CS|TS  1|AC  0|TAMS 0x000000070d800000, 0x000000070d800000|
| 217|0x000000070d900000, 0x000000070da00000, 0x000000070da00000|100%| E|CS|TS  1|AC  0|TAMS 0x000000070d900000, 0x000000070d900000|

Card table byte_map: [0x0000013359180000,0x0000013359780000] byte_map_base: 0x0000013355980000

Marking Bits (Prev, Next): (CMBitMap*) 0x0000013356fd4cb0, (CMBitMap*) 0x0000013356fd4ce8
 Prev Bits: [0x0000013371ae0000, 0x0000013374ae0000)
 Next Bits: [0x0000013374ae0000, 0x0000013377ae0000)

Polling page: 0x000001334de90000

CodeHeap 'non-profiled nmethods': size=120064Kb used=22883Kb max_used=24006Kb free=97180Kb
 bounds [0x0000013369fa0000, 0x000001336b720000, 0x00000133714e0000]
CodeHeap 'profiled nmethods': size=120000Kb used=47812Kb max_used=49498Kb free=72187Kb
 bounds [0x0000013362a70000, 0x0000013365b10000, 0x0000013369fa0000]
CodeHeap 'non-nmethods': size=5696Kb used=1880Kb max_used=1933Kb free=3815Kb
 bounds [0x00000133624e0000, 0x0000013362750000, 0x0000013362a70000]
 total_blobs=38035 nmethods=19537 adapters=1259
 compilation: enabled

Compilation events (10 events):
Event: 1981.829 Thread 0x0000013358157800 nmethod 26292 0x000001336b2dc510 code [0x000001336b2dc6a0, 0x000001336b2dc738]
Event: 1981.855 Thread 0x0000013358157800 26293       4       java.awt.Component::updateZOrder (14 bytes)
Event: 1981.871 Thread 0x0000013358157800 nmethod 26293 0x000001336b381090 code [0x000001336b3812c0, 0x000001336b381d88]
Event: 1981.871 Thread 0x0000013358157800 26294   !   4       com.jidesoft.plaf.basic.BasicCommandBarUI::paint (303 bytes)
Event: 1981.876 Thread 0x0000013358157800 nmethod 26294 0x000001336b33ac90 code [0x000001336b33ae60, 0x000001336b33b1a8]
Event: 1981.881 Thread 0x0000013358158000 nmethod 26291 0x000001336b37e210 code [0x000001336b37e4c0, 0x000001336b380218]
Event: 1982.396 Thread 0x0000013357b58800 26295       3       ui.views.dt::selectionChanged (12 bytes)
Event: 1982.397 Thread 0x0000013357b58800 nmethod 26295 0x0000013364b9cc10 code [0x0000013364b9cde0, 0x0000013364b9d0e0]
Event: 1983.015 Thread 0x0000013357b58800 26296       1       ui.views.c.t.b.a::a (5 bytes)
Event: 1983.015 Thread 0x0000013357b58800 nmethod 26296 0x000001336b310610 code [0x000001336b3107c0, 0x000001336b3108b8]

GC Heap History (10 events):
Event: 1953.595 GC heap before
{Heap before GC invocations=293 (full 9):
 garbage-first heap   total 223232K, used 180580K [0x0000000700000000, 0x00000007001006d0, 0x00000007c0000000)
  region size 1024K, 60 young (61440K), 2 survivors (2048K)
 Metaspace       used 96154K, capacity 104219K, committed 104392K, reserved 1138688K
  class space    used 13902K, capacity 15264K, committed 15304K, reserved 1048576K
}
Event: 1953.599 GC heap after
{Heap after GC invocations=294 (full 9):
 garbage-first heap   total 223232K, used 121312K [0x0000000700000000, 0x00000007001006d0, 0x00000007c0000000)
  region size 1024K, 2 young (2048K), 2 survivors (2048K)
 Metaspace       used 96154K, capacity 104219K, committed 104392K, reserved 1138688K
  class space    used 13902K, capacity 15264K, committed 15304K, reserved 1048576K
}
Event: 1960.354 GC heap before
{Heap before GC invocations=294 (full 9):
 garbage-first heap   total 223232K, used 180704K [0x0000000700000000, 0x00000007001006d0, 0x00000007c0000000)
  region size 1024K, 60 young (61440K), 2 survivors (2048K)
 Metaspace       used 96168K, capacity 104219K, committed 104392K, reserved 1138688K
  class space    used 13902K, capacity 15264K, committed 15304K, reserved 1048576K
}
Event: 1960.358 GC heap after
{Heap after GC invocations=295 (full 9):
 garbage-first heap   total 223232K, used 121213K [0x0000000700000000, 0x00000007001006d0, 0x00000007c0000000)
  region size 1024K, 2 young (2048K), 2 survivors (2048K)
 Metaspace       used 96168K, capacity 104219K, committed 104392K, reserved 1138688K
  class space    used 13902K, capacity 15264K, committed 15304K, reserved 1048576K
}
Event: 1972.839 GC heap before
{Heap before GC invocations=296 (full 9):
 garbage-first heap   total 223232K, used 180605K [0x0000000700000000, 0x00000007001006d0, 0x00000007c0000000)
  region size 1024K, 60 young (61440K), 2 survivors (2048K)
 Metaspace       used 96176K, capacity 104219K, committed 104392K, reserved 1138688K
  class space    used 13902K, capacity 15264K, committed 15304K, reserved 1048576K
}
Event: 1972.843 GC heap after
{Heap after GC invocations=297 (full 9):
 garbage-first heap   total 223232K, used 121260K [0x0000000700000000, 0x00000007001006d0, 0x00000007c0000000)
  region size 1024K, 2 young (2048K), 2 survivors (2048K)
 Metaspace       used 96176K, capacity 104219K, committed 104392K, reserved 1138688K
  class space    used 13902K, capacity 15264K, committed 15304K, reserved 1048576K
}
Event: 1977.037 GC heap before
{Heap before GC invocations=297 (full 9):
 garbage-first heap   total 223232K, used 180652K [0x0000000700000000, 0x00000007001006d0, 0x00000007c0000000)
  region size 1024K, 60 young (61440K), 2 survivors (2048K)
 Metaspace       used 96181K, capacity 104219K, committed 104392K, reserved 1138688K
  class space    used 13902K, capacity 15264K, committed 15304K, reserved 1048576K
}
Event: 1977.041 GC heap after
{Heap after GC invocations=298 (full 9):
 garbage-first heap   total 223232K, used 121174K [0x0000000700000000, 0x00000007001006d0, 0x00000007c0000000)
  region size 1024K, 2 young (2048K), 2 survivors (2048K)
 Metaspace       used 96181K, capacity 104219K, committed 104392K, reserved 1138688K
  class space    used 13902K, capacity 15264K, committed 15304K, reserved 1048576K
}
Event: 1981.172 GC heap before
{Heap before GC invocations=299 (full 9):
 garbage-first heap   total 223232K, used 180566K [0x0000000700000000, 0x00000007001006d0, 0x00000007c0000000)
  region size 1024K, 60 young (61440K), 2 survivors (2048K)
 Metaspace       used 96218K, capacity 104287K, committed 104392K, reserved 1138688K
  class space    used 13902K, capacity 15264K, committed 15304K, reserved 1048576K
}
Event: 1981.176 GC heap after
{Heap after GC invocations=300 (full 9):
 garbage-first heap   total 223232K, used 121480K [0x0000000700000000, 0x00000007001006d0, 0x00000007c0000000)
  region size 1024K, 2 young (2048K), 2 survivors (2048K)
 Metaspace       used 96218K, capacity 104287K, committed 104392K, reserved 1138688K
  class space    used 13902K, capacity 15264K, committed 15304K, reserved 1048576K
}

Deoptimization events (10 events):
Event: 1972.731 Thread 0x000001335b357000 Uncommon trap: reason=unstable_if action=reinterpret pc=0x000001336af17370 method=javax.swing.JComponent.adjustPaintFlags()V @ 26 c2
Event: 1972.731 Thread 0x000001335b357000 Uncommon trap: reason=class_check action=maybe_recompile pc=0x000001336afed484 method=java.awt.Component$1.isLightweight(Ljava/awt/Component;)Z @ 4 c2
Event: 1972.743 Thread 0x000001335b357000 Uncommon trap: reason=class_check action=maybe_recompile pc=0x000001336afe66f4 method=java.awt.Container.getMouseEventTargetImpl(IIZLjava/awt/Container$EventTargetFilter;ZZ)Ljava/awt/Component; @ 64 c2
Event: 1972.743 Thread 0x000001335b357000 Uncommon trap: reason=unstable_if action=reinterpret pc=0x000001336a110684 method=java.awt.Container.decreaseComponentCount(Ljava/awt/Component;)V @ 58 c2
Event: 1972.778 Thread 0x000001335b357000 Uncommon trap: reason=class_check action=maybe_recompile pc=0x000001336a872a88 method=java.awt.Component.updateZOrder()V @ 8 c2
Event: 1972.782 Thread 0x000001335b357000 Uncommon trap: reason=class_check action=maybe_recompile pc=0x000001336afed484 method=java.awt.Component$1.isLightweight(Ljava/awt/Component;)Z @ 4 c2
Event: 1972.785 Thread 0x000001335b357000 Uncommon trap: reason=unstable_if action=reinterpret pc=0x000001336ad6224c method=javax.swing.JComponent._paintImmediately(IIII)V @ 168 c2
Event: 1972.791 Thread 0x000001335b357000 Uncommon trap: reason=class_check action=maybe_recompile pc=0x000001336afe66f4 method=java.awt.Container.getMouseEventTargetImpl(IIZLjava/awt/Container$EventTargetFilter;ZZ)Ljava/awt/Component; @ 64 c2
Event: 1972.828 Thread 0x000001335b357000 Uncommon trap: reason=class_check action=maybe_recompile pc=0x000001336a872a88 method=java.awt.Component.updateZOrder()V @ 8 c2
Event: 1972.834 Thread 0x000001335b357000 Uncommon trap: reason=unstable_if action=reinterpret pc=0x000001336a10f600 method=java.awt.Component.getHWPeerAboveMe()Ljava/awt/peer/ComponentPeer; @ 50 c2

Classes redefined (0 events):
No events

Internal exceptions (10 events):
Event: 1135.572 Thread 0x000001335b357000 Exception <a 'java/lang/ClassCastException'{0x000000070d1970c0}: ui.data.design.g cannot be cast to ui.data.coregen.cX> (0x000000070d1970c0) thrown at [t:/workspace/hotspot/src/share/vm/interpreter/interpreterRuntime.cpp, line 380]
Event: 1215.372 Thread 0x000001335b357000 Implicit null exception at 0x000001336a14f91c to 0x000001336a14f9ed
Event: 1216.118 Thread 0x000001335b357000 Exception <a 'java/lang/NoSuchMethodError'{0x0000000709ec1130}: method resolution failed> (0x0000000709ec1130) thrown at [t:/workspace/hotspot/src/share/vm/prims/methodHandles.cpp, line 1256]
Event: 1216.192 Thread 0x000001335b357000 Exception <a 'java/lang/ClassNotFoundException'{0x000000070d666018}: ui/views/waveform/f/pBeanInfo> (0x000000070d666018) thrown at [t:/workspace/hotspot/src/share/vm/classfile/systemDictionary.cpp, line 218]
Event: 1216.193 Thread 0x000001335b357000 Exception <a 'java/lang/ClassNotFoundException'{0x000000070d682ad0}: ui/views/waveform/f/pCustomizer> (0x000000070d682ad0) thrown at [t:/workspace/hotspot/src/share/vm/classfile/systemDictionary.cpp, line 218]
Event: 1216.287 Thread 0x000001335b357000 Exception <a 'java/lang/NoSuchMethodError'{0x000000070d063df0}: java.lang.invoke.DirectMethodHandle$Holder.invokeSpecial(Ljava/lang/Object;Ljava/lang/Object;IIIJJJ)Ljava/lang/Object;> (0x000000070d063df0) thrown at [t:/workspace/hotspot/src/share/vm/inter
Event: 1216.287 Thread 0x000001335b357000 Exception <a 'java/lang/NoSuchMethodError'{0x000000070d067598}: java.lang.invoke.DelegatingMethodHandle$Holder.reinvoke_L(Ljava/lang/Object;IIIJJJ)Ljava/lang/Object;> (0x000000070d067598) thrown at [t:/workspace/hotspot/src/share/vm/interpreter/linkResolv
Event: 1216.287 Thread 0x000001335b357000 Exception <a 'java/lang/NoSuchMethodError'{0x000000070d075ff0}: method resolution failed> (0x000000070d075ff0) thrown at [t:/workspace/hotspot/src/share/vm/prims/methodHandles.cpp, line 1256]
Event: 1216.407 Thread 0x000001335b357000 Implicit null exception at 0x000001336ab7cdac to 0x000001336ab7d0f9
Event: 1361.828 Thread 0x000001337c53d000 Implicit null exception at 0x000001336acf5c54 to 0x000001336acf80d1

Events (10 events):
Event: 1981.500 Thread 0x000001330c206000 Thread exited: 0x000001330c206000
Event: 1981.809 Executing VM operation: BulkRevokeBias
Event: 1981.809 Executing VM operation: BulkRevokeBias done
Event: 1981.810 Thread 0x000001330c206000 Thread added: 0x000001330c206000
Event: 1981.814 Executing VM operation: RevokeBias
Event: 1981.815 Executing VM operation: RevokeBias done
Event: 1981.817 Executing VM operation: BulkRevokeBias
Event: 1981.817 Executing VM operation: BulkRevokeBias done
Event: 1982.498 Thread 0x000001330c202800 Thread added: 0x000001330c202800
Event: 1982.502 Thread 0x000001330c202800 Thread exited: 0x000001330c202800


Dynamic libraries:
0x00007ff675520000 - 0x00007ff675550000 	C:\xilinx2019\Vivado\2019.1\bin\unwrapped\win64.o\vivado.exe
0x00007ffa2edd0000 - 0x00007ffa2efe7000 	C:\Windows\SYSTEM32\ntdll.dll
0x00007ffa2df50000 - 0x00007ffa2e014000 	C:\Windows\System32\KERNEL32.DLL
0x00007ffa2c740000 - 0x00007ffa2caf7000 	C:\Windows\System32\KERNELBASE.dll
0x00007ffa2c4c0000 - 0x00007ffa2c5d1000 	C:\Windows\System32\ucrtbase.dll
0x00007ffa17de0000 - 0x00007ffa17df4000 	C:\xilinx2019\Vivado\2019.1\lib\win64.o\libboost_signals.dll
0x00007ffa11b60000 - 0x00007ffa11b74000 	C:\xilinx2019\Vivado\2019.1\lib\win64.o\librdi_commonmain.dll
0x00007ff9bdbc0000 - 0x00007ff9beaa2000 	C:\xilinx2019\Vivado\2019.1\lib\win64.o\librdi_common.dll
0x00007ffa2ebe0000 - 0x00007ffa2ed8f000 	C:\Windows\System32\USER32.dll
0x00007ff9f7160000 - 0x00007ff9f71ee000 	C:\Windows\SYSTEM32\MSVCP140.dll
0x00007ffa2c410000 - 0x00007ffa2c436000 	C:\Windows\System32\win32u.dll
0x00007ffa109f0000 - 0x00007ffa10a0b000 	C:\Windows\SYSTEM32\VCRUNTIME140.dll
0x00007ffa2e080000 - 0x00007ffa2e0a9000 	C:\Windows\System32\GDI32.dll
0x00007ffa2c2f0000 - 0x00007ffa2c408000 	C:\Windows\System32\gdi32full.dll
0x00007ffa2c5e0000 - 0x00007ffa2c67a000 	C:\Windows\System32\msvcp_win.dll
0x00007ffa2d610000 - 0x00007ffa2d6c2000 	C:\Windows\System32\ADVAPI32.dll
0x00007ffa10940000 - 0x00007ffa10966000 	C:\xilinx2019\Vivado\2019.1\lib\win64.o\libboost_filesystem.dll
0x00007ffa2d550000 - 0x00007ffa2d5f7000 	C:\Windows\System32\msvcrt.dll
0x00007ffa2e260000 - 0x00007ffa2e308000 	C:\Windows\System32\sechost.dll
0x00007ffa2c2c0000 - 0x00007ffa2c2e8000 	C:\Windows\System32\bcrypt.dll
0x00007ff9f7d80000 - 0x00007ff9f7ea1000 	C:\xilinx2019\Vivado\2019.1\lib\win64.o\librdi_commonxillic.dll
0x00007ffa265d0000 - 0x00007ffa265da000 	C:\xilinx2019\Vivado\2019.1\lib\win64.o\librdi_commonversion.dll
0x00007ffa2d980000 - 0x00007ffa2da94000 	C:\Windows\System32\RPCRT4.dll
0x00007ffa2cb10000 - 0x00007ffa2d379000 	C:\Windows\System32\SHELL32.dll
0x00000000522d0000 - 0x00000000523fb000 	C:\xilinx2019\Vivado\2019.1\lib\win64.o\tcl85t.dll
0x00007ffa2e370000 - 0x00007ffa2e3e1000 	C:\Windows\System32\WS2_32.dll
0x00007ffa10410000 - 0x00007ffa10424000 	C:\xilinx2019\Vivado\2019.1\lib\win64.o\libboost_date_time.dll
0x00007ff9f29a0000 - 0x00007ff9f2d0e000 	C:\xilinx2019\Vivado\2019.1\lib\win64.o\libCOIN-all.dll
0x00007ff9f7d00000 - 0x00007ff9f7d7f000 	C:\xilinx2019\Vivado\2019.1\lib\win64.o\libboost_program_options.dll
0x00007ff9f7be0000 - 0x00007ff9f7cf4000 	C:\xilinx2019\Vivado\2019.1\lib\win64.o\libboost_regex.dll
0x00007ffa24240000 - 0x00007ffa2424b000 	C:\xilinx2019\Vivado\2019.1\lib\win64.o\libboost_system.dll
0x00007ffa10090000 - 0x00007ffa100b1000 	C:\xilinx2019\Vivado\2019.1\lib\win64.o\libboost_thread.dll
0x00007ffa1d870000 - 0x00007ffa1d87f000 	C:\xilinx2019\Vivado\2019.1\lib\win64.o\libboost_xilinx.dll
0x00007ff9f7250000 - 0x00007ff9f72d2000 	C:\xilinx2019\Vivado\2019.1\lib\win64.o\libhdlpsolve.dll
0x00007ff9f28f0000 - 0x00007ff9f2995000 	C:\xilinx2019\Vivado\2019.1\lib\win64.o\libhdxml.dll
0x00007ff9bd010000 - 0x00007ff9bdbbf400 	C:\xilinx2019\Vivado\2019.1\lib\win64.o\libisl_iostreams.dll
0x00007ffa0c130000 - 0x00007ffa0c15e000 	C:\xilinx2019\Vivado\2019.1\lib\win64.o\libisl_sysinfo.dll
0x00007ff9f7340000 - 0x00007ff9f73a5000 	C:\xilinx2019\Vivado\2019.1\lib\win64.o\liblmx6.0.dll
0x00007ffa10070000 - 0x00007ffa1008a000 	C:\xilinx2019\Vivado\2019.1\lib\win64.o\pthreadVC2.dll
0x00007ffa0b190000 - 0x00007ffa0b1ac000 	C:\xilinx2019\Vivado\2019.1\lib\win64.o\librdiconfig.dll
0x00007ffa09560000 - 0x00007ffa09581000 	C:\xilinx2019\Vivado\2019.1\lib\win64.o\librdizlib.dll
0x00007ffa11b50000 - 0x00007ffa11b5c000 	C:\Windows\SYSTEM32\VCRUNTIME140_1.dll
0x0000000012000000 - 0x0000000012270000 	C:\xilinx2019\Vivado\2019.1\lib\win64.o\xerces-c_3_1.dll
0x00007ff9f2610000 - 0x00007ff9f28e8000 	C:\xilinx2019\Vivado\2019.1\lib\win64.o\libXil_lmgr11.dll
0x00007ffa2d880000 - 0x00007ffa2d97f000 	C:\Windows\System32\COMDLG32.dll
0x00007ffa1c420000 - 0x00007ffa1c439000 	C:\Windows\SYSTEM32\NETAPI32.dll
0x00007ffa2e650000 - 0x00007ffa2e9de000 	C:\Windows\System32\combase.dll
0x00007ffa1a800000 - 0x00007ffa1acfe000 	C:\Windows\SYSTEM32\WININET.dll
0x00007ffa28560000 - 0x00007ffa28696000 	C:\Windows\SYSTEM32\WINHTTP.dll
0x00007ffa2eae0000 - 0x00007ffa2ebd9000 	C:\Windows\System32\shcore.dll
0x00007ffa2e020000 - 0x00007ffa2e07e000 	C:\Windows\System32\SHLWAPI.dll
0x00007ffa19c70000 - 0x00007ffa19e60000 	C:\Windows\SYSTEM32\urlmon.dll
0x00007ffa2e9e0000 - 0x00007ffa2eab7000 	C:\Windows\System32\OLEAUT32.dll
0x00007ffa2e0b0000 - 0x00007ffa2e255000 	C:\Windows\System32\ole32.dll
0x00007ffa06ea0000 - 0x00007ffa06ea9000 	C:\Windows\SYSTEM32\WSOCK32.dll
0x00007ffa2c0e0000 - 0x00007ffa2c14c000 	C:\Windows\System32\WINTRUST.dll
0x00007ff9bc170000 - 0x00007ff9bd001000 	C:\xilinx2019\Vivado\2019.1\lib\win64.o\gurobi65.dll
0x00007ffa2c150000 - 0x00007ffa2c2b6000 	C:\Windows\System32\CRYPT32.dll
0x00007ffa079f0000 - 0x00007ffa07a21000 	C:\Windows\SYSTEM32\VCOMP140.DLL
0x00007ffa1d830000 - 0x00007ffa1d83d000 	C:\xilinx2019\Vivado\2019.1\lib\win64.o\libboost_chrono.dll
0x00007ffa079d0000 - 0x00007ffa079eb000 	C:\xilinx2019\Vivado\2019.1\lib\win64.o\libboost_iostreams.dll
0x00007ffa04f80000 - 0x00007ffa04fa5000 	C:\xilinx2019\Vivado\2019.1\lib\win64.o\libisl_iosutils.dll
0x00007ffa18380000 - 0x00007ffa1863e000 	C:\Windows\SYSTEM32\iertutil.dll
0x00007ffa10c20000 - 0x00007ffa10cd3000 	C:\Windows\WinSxS\amd64_microsoft.windows.common-controls_6595b64144ccf1df_5.82.22621.3527_none_b43b7f4b638cc64f\COMCTL32.dll
0x00007ffa18280000 - 0x00007ffa182a8000 	C:\Windows\SYSTEM32\srvcli.dll
0x00007ffa2aba0000 - 0x00007ffa2abac000 	C:\Windows\SYSTEM32\netutils.dll
0x00007ffa28480000 - 0x00007ffa2849f000 	C:\Windows\SYSTEM32\dhcpcsvc.DLL
0x00007ffa2d510000 - 0x00007ffa2d541000 	C:\Windows\System32\IMM32.DLL
0x00007ffa2b850000 - 0x00007ffa2b862000 	C:\Windows\SYSTEM32\MSASN1.dll
0x00007ffa2b130000 - 0x00007ffa2b148000 	C:\Windows\SYSTEM32\kernel.appcore.dll
0x00007ff9dcb20000 - 0x00007ff9dd037000 	C:\xilinx2019\Vivado\2019.1\lib\win64.o\librdi_commontasks.dll
0x00007ff9dc890000 - 0x00007ff9dcb16000 	C:\xilinx2019\Vivado\2019.1\lib\win64.o\librdi_sio.dll
0x00000000518a0000 - 0x00000000522c5000 	C:\xilinx2019\Vivado\2019.1\tps\win64\jre9.0.4\bin\server\jvm.dll
0x00007ffa2e3f0000 - 0x00007ffa2e3f8000 	C:\Windows\System32\PSAPI.DLL
0x00007ffa26380000 - 0x00007ffa2638a000 	C:\Windows\SYSTEM32\VERSION.dll
0x00007ffa2abb0000 - 0x00007ffa2abdd000 	C:\Windows\SYSTEM32\IPHLPAPI.DLL
0x00007ffa1cf10000 - 0x00007ffa1cf44000 	C:\Windows\SYSTEM32\WINMM.dll
0x00007ff9f2300000 - 0x00007ff9f23ef000 	C:\Windows\SYSTEM32\MSVCR120.dll
0x00007ffa2b5a0000 - 0x00007ffa2b609000 	C:\Windows\SYSTEM32\MSWSOCK.DLL
0x00007ffa2a050000 - 0x00007ffa2a94f000 	C:\Windows\SYSTEM32\windows.storage.dll
0x00007ffa29f10000 - 0x00007ffa2a04f000 	C:\Windows\SYSTEM32\wintypes.dll
0x00007ff9b9cb0000 - 0x00007ff9bc16c000 	C:\xilinx2019\Vivado\2019.1\lib\win64.o\librdi_tcltasks.dll
0x00007ff9ca580000 - 0x00007ff9ca988000 	C:\xilinx2019\Vivado\2019.1\lib\win64.o\librdi_bitstream.dll
0x00007ff9e9fb0000 - 0x00007ff9ea141000 	C:\xilinx2019\Vivado\2019.1\lib\win64.o\librdi_board.dll
0x00007ff9f70e0000 - 0x00007ff9f7158000 	C:\xilinx2019\Vivado\2019.1\lib\win64.o\librdi_boarddep.dll
0x00007ff9c9ec0000 - 0x00007ff9ca07d000 	C:\xilinx2019\Vivado\2019.1\lib\win64.o\librdi_chipscopeimpl.dll
0x00007ff9eb620000 - 0x00007ff9eb70b000 	C:\xilinx2019\Vivado\2019.1\lib\win64.o\librdi_chipscope.dll
0x00007ff9c9d60000 - 0x00007ff9c9eb6000 	C:\xilinx2019\Vivado\2019.1\lib\win64.o\librdi_containers.dll
0x00007ff9b5d20000 - 0x00007ff9b63fa000 	C:\xilinx2019\Vivado\2019.1\lib\win64.o\librdi_coregenipxact.dll
0x00007ff999ad0000 - 0x00007ff99db13000 	C:\xilinx2019\Vivado\2019.1\lib\win64.o\librdi_designutils.dll
0x00007ff9c9a40000 - 0x00007ff9c9d5e000 	C:\xilinx2019\Vivado\2019.1\lib\win64.o\librdi_dlyest.dll
0x00007ff9b82c0000 - 0x00007ff9b9caa000 	C:\xilinx2019\Vivado\2019.1\lib\win64.o\librdi_constraints.dll
0x00007ff9b5780000 - 0x00007ff9b5d1a000 	C:\xilinx2019\Vivado\2019.1\lib\win64.o\librdi_drc.dll
0x00007ff9e9ee0000 - 0x00007ff9e9fa4000 	C:\xilinx2019\Vivado\2019.1\lib\win64.o\librdi_dsp.dll
0x00007ff9b5130000 - 0x00007ff9b577d000 	C:\xilinx2019\Vivado\2019.1\lib\win64.o\librdi_filemgmt.dll
0x00007ff9c8ea0000 - 0x00007ff9c9183000 	C:\xilinx2019\Vivado\2019.1\lib\win64.o\librdi_guitools.dll
0x00007ff9f5c30000 - 0x00007ff9f5c95000 	C:\xilinx2019\Vivado\2019.1\lib\win64.o\librdi_hdf.dll
0x00007ff9b4870000 - 0x00007ff9b4e85000 	C:\xilinx2019\Vivado\2019.1\lib\win64.o\librdi_memdata.dll
0x00007ff9a6930000 - 0x00007ff9a7ef0000 	C:\xilinx2019\Vivado\2019.1\lib\win64.o\librdi_implflow.dll
0x00007ff9f2590000 - 0x00007ff9f2603000 	C:\xilinx2019\Vivado\2019.1\lib\win64.o\librdi_memoryarray.dll
0x00007ff9b6400000 - 0x00007ff9b82b1000 	C:\xilinx2019\Vivado\2019.1\lib\win64.o\librdi_coregen.dll
0x00007ff9b3450000 - 0x00007ff9b3af2000 	C:\xilinx2019\Vivado\2019.1\lib\win64.o\librdi_netlist.dll
0x00007ff96b940000 - 0x00007ff96e626000 	C:\xilinx2019\Vivado\2019.1\lib\win64.o\librdi_mig.dll
0x00007ff9f7200000 - 0x00007ff9f724b000 	C:\xilinx2019\Vivado\2019.1\lib\win64.o\librdi_pfi.dll
0x00007ff9b4310000 - 0x00007ff9b461f000 	C:\xilinx2019\Vivado\2019.1\lib\win64.o\librdi_platform.dll
0x00007ff99fa30000 - 0x00007ff9a20a6000 	C:\xilinx2019\Vivado\2019.1\lib\win64.o\librdi_place.dll
0x00007ff9b2d00000 - 0x00007ff9b344a000 	C:\xilinx2019\Vivado\2019.1\lib\win64.o\librdi_power.dll
0x00007ff9b0260000 - 0x00007ff9b07df000 	C:\xilinx2019\Vivado\2019.1\lib\win64.o\librdi_project.dll
0x00007ff9ab580000 - 0x00007ff9abc89000 	C:\xilinx2019\Vivado\2019.1\lib\win64.o\librdi_psta.dll
0x00007ff9a6220000 - 0x00007ff9a6926000 	C:\xilinx2019\Vivado\2019.1\lib\win64.o\librdi_rsb.dll
0x00007ff9b2900000 - 0x00007ff9b2cf1000 	C:\xilinx2019\Vivado\2019.1\lib\win64.o\librdi_runs.dll
0x00007ff9c8c40000 - 0x00007ff9c8e96000 	C:\xilinx2019\Vivado\2019.1\lib\win64.o\librdi_simdata.dll
0x00007ff9de240000 - 0x00007ff9de33a000 	C:\xilinx2019\Vivado\2019.1\lib\win64.o\librdi_runsbase.dll
0x00007ff9a5400000 - 0x00007ff9a6211000 	C:\xilinx2019\Vivado\2019.1\lib\win64.o\librdi_timing.dll
0x00007ff96e630000 - 0x00007ff980a5c000 	C:\xilinx2019\Vivado\2019.1\lib\win64.o\librdi_device.dll
0x00007ff9b4190000 - 0x00007ff9b4302000 	C:\xilinx2019\Vivado\2019.1\lib\win64.o\librdi_advchipscopeimpl.dll
0x00007ff9eb5d0000 - 0x00007ff9eb61c000 	C:\xilinx2019\Vivado\2019.1\lib\win64.o\libboost_serialization.dll
0x00007ff9b0bc0000 - 0x00007ff9b0fa5000 	C:\xilinx2019\Vivado\2019.1\lib\win64.o\librdi_hip_config.dll
0x00007ff9b00c0000 - 0x00007ff9b025f000 	C:\xilinx2019\Vivado\2019.1\lib\win64.o\librdi_hip_devdesign.dll
0x00007ff9dd7d0000 - 0x00007ff9dd813000 	C:\xilinx2019\Vivado\2019.1\lib\win64.o\librdi_noc_frameworks.dll
0x00007ff9a46b0000 - 0x00007ff9a4bfe000 	C:\xilinx2019\Vivado\2019.1\lib\win64.o\librdi_xdm.dll
0x00007ff9a3b60000 - 0x00007ff9a46a7000 	C:\xilinx2019\Vivado\2019.1\lib\win64.o\libverific.dll
0x00007ff9dd590000 - 0x00007ff9dd62e000 	C:\xilinx2019\Vivado\2019.1\lib\win64.o\libise.dll
0x00007ff9dd190000 - 0x00007ff9dd252000 	C:\xilinx2019\Vivado\2019.1\lib\win64.o\librdi_ipconfig_readwrite.dll
0x00007ff9f8240000 - 0x00007ff9f8280000 	C:\xilinx2019\Vivado\2019.1\lib\win64.o\librdi_wavedata_SimpleApi.dll
0x00007ff9a3560000 - 0x00007ff9a3b5c000 	C:\xilinx2019\Vivado\2019.1\lib\win64.o\librdi_wavedata.dll
0x00007ff9f6a80000 - 0x00007ff9f6abf000 	C:\xilinx2019\Vivado\2019.1\lib\win64.o\librdi_schedmon.dll
0x00007ff99e480000 - 0x00007ff99f60d000 	C:\xilinx2019\Vivado\2019.1\lib\win64.o\librdi_route.dll

VM Arguments:
jvm_args: -Dsun.java2d.pmoffscreen=false -Dsun.java2d.xrender=false -Dsun.java2d.d3d=false -Dsun.awt.nopixfmt=true -Dsun.java2d.dpiaware=true -Dsun.java2d.uiScale.enabled=false -Xverify:none -Dswing.aatext=true -XX:-UsePerfData -Djdk.map.althashing.threshold=512 -XX:StringTableSize=4072 --add-opens=java.base/java.nio=ALL-UNNAMED --add-opens=java.desktop/sun.swing=ALL-UNNAMED --add-opens=java.desktop/javax.swing=ALL-UNNAMED --add-opens=java.desktop/javax.swing.tree=ALL-UNNAMED --add-opens=java.desktop/javax.swing.plaf.basic=ALL-UNNAMED --add-opens=java.desktop/javax.swing.plaf.synth=ALL-UNNAMED --add-opens=java.desktop/com.sun.awt=ALL-UNNAMED -XX:NewSize=60m -XX:MaxNewSize=60m -Xms128m -Xmx3072m -Xss5m 
java_command: <unknown>
java_class_path (initial): C:/xilinx2019/Vivado/2019.1\lib\classes\alloy.jar;C:/xilinx2019/Vivado/2019.1\lib\classes\autopilot.scelaborator.jar;C:/xilinx2019/Vivado/2019.1\lib\classes\autopilot.sourceprocessor.jar;C:/xilinx2019/Vivado/2019.1\lib\classes\autopilot.tbprocessor.jar;C:/xilinx2019/Vivado/2019.1\lib\classes\batik-anim.jar;C:/xilinx2019/Vivado/2019.1\lib\classes\batik-awt-util.jar;C:/xilinx2019/Vivado/2019.1\lib\classes\batik-bridge.jar;C:/xilinx2019/Vivado/2019.1\lib\classes\batik-codec.jar;C:/xilinx2019/Vivado/2019.1\lib\classes\batik-css.jar;C:/xilinx2019/Vivado/2019.1\lib\classes\batik-dom.jar;C:/xilinx2019/Vivado/2019.1\lib\classes\batik-ext.jar;C:/xilinx2019/Vivado/2019.1\lib\classes\batik-gui-util.jar;C:/xilinx2019/Vivado/2019.1\lib\classes\batik-gvt.jar;C:/xilinx2019/Vivado/2019.1\lib\classes\batik-parser.jar;C:/xilinx2019/Vivado/2019.1\lib\classes\batik-script.jar;C:/xilinx2019/Vivado/2019.1\lib\classes\batik-svg-dom.jar;C:/xilinx2019/Vivado/2019.1\lib\classes\batik-swing.jar;C:/xilinx2019/Vivado/2019.1\lib\classes\batik-transcoder.jar;C:/xilinx2019/Vivado/2019.1\lib\classes\batik-util.jar;C:/xilinx2019/Vivado/2019.1\lib\classes\batik-xml.jar;C:/xilinx2019/Vivado/2019.1\lib\classes\com.google.gson_2.7.0.v20170129-0911.jar;C:/xilinx2019/Vivado/2019.1\lib\classes\com.google.guava_21.0.0.v20170206-1425.jar;C:/xilinx2019/Vivado/2019.1\lib\classes\com.google.inject_3.0.0.v201605172100.jar;C:/xilinx2019/Vivado/2019.1\lib\classes\com.ibm.icu_4.4.2.v20110208.jar;C:/xilinx2019/Vivado/2019.1\lib\classes\com.sigasi.hdt.annotations.runtime_4.3.0.201903071210.jar;C:/xilinx2019/Vivado/2019.1\lib\classes\com.sigasi.hdt.blockdiagram.model_4.3.0.201903071210.jar;C:/xilinx2019/Vivado/2019.1\lib\classes\com.sigasi.hdt.connection_4.3.0.201903071210.jar;C:/xilinx2019/Vivado/2019.1\lib\classes\com.sigasi.hdt.dependencies.model_4.3.0.201903071210.jar;C:/xilinx2019/Vivado/2019.1\lib\classes\com.sigasi.hdt.epl_4.3.0.201903071210.jar;C:/xilinx2019/Vivado/2019.1\lib\class
Launcher Type: generic

Logging:
Log output configuration:
#0: stdout all=warning uptime,level,tags
#1: stderr all=off uptime,level,tags

Environment Variables:
PATH=C:/xilinx2019/Vivado/2019.1/bin;C:/xilinx2019/Vivado/2019.1/lib/win64.o;C:/xilinx2019/Vivado/2019.1/tps/win64/jre9.0.4/bin/server;C:/xilinx2019/Vivado/2019.1/tps/win64/jre9.0.4/bin;C:/xilinx2019/SDK/2019.1/bin;C:/xilinx2019/Vivado/2019.1/ids_lite/ISE/bin/nt64;C:/xilinx2019/Vivado/2019.1/ids_lite/ISE/lib/nt64;C:\Program Files\Common Files\Oracle\Java\javapath;C:\Windows\system32;C:\Windows;C:\Windows\System32\Wbem;C:\Windows\System32\WindowsPowerShell\v1.0\;C:\Windows\System32\OpenSSH\;C:\Users\User1\AppData\Local\Microsoft\WindowsApps;;C:\Users\User1\AppData\Local\Programs\Microsoft VS Code\bin;C:/xilinx2019/Vivado/2019.1\tps\mingw\6.2.0\win64.o\nt\bin;C:/xilinx2019/Vivado/2019.1\tps\mingw\6.2.0\win64.o\nt\libexec\gcc\x86_64-w64-mingw32\6.2.0;C:/xilinx2019/Vivado/2019.1\tps\win64\python-2.7.5;C:/xilinx2019/Vivado/2019.1\tps\win64\python-2.7.5\lib;C:/xilinx2019/Vivado/2019.1\tps\win64\python-2.7.5\Lib\lib-tk;C:/xilinx2019/Vivado/2019.1\tps\win64\python-2.7.5\lib\site-packages
USERNAME=User1
OS=Windows_NT
PROCESSOR_IDENTIFIER=Intel64 Family 6 Model 94 Stepping 3, GenuineIntel



---------------  S Y S T E M  ---------------

OS: Windows 10 , 64 bit Build 22621 (10.0.22621.3958)

CPU:total 4 (initial active 4) (4 cores per cpu, 1 threads per core) family 6 model 94 stepping 3, cmov, cx8, fxsr, mmx, sse, sse2, sse3, ssse3, sse4.1, sse4.2, popcnt, avx, avx2, aes, clmul, erms, rtm, 3dnowpref, lzcnt, tsc, tscinvbit, bmi1, bmi2, adx, fma

Memory: 4k page, physical 16654596k(9516888k free), swap 17703172k(8541940k free)

vm_info: Java HotSpot(TM) 64-Bit Server VM (9.0.4+11) for windows-amd64 JRE (9.0.4+11), built on Dec 20 2017 02:18:54 by "mach5one" with MS VC++ 12.0 (VS2013)

END.
